Archive member included to satisfy reference by file (symbol)

c:/ac6/systemworkbench/plugins/fr.ac6.mcu.externaltools.arm-none.win32_1.13.1.201701261202/tools/compiler/bin/../lib/gcc/arm-none-eabi/5.4.1/armv6-m\libgcc.a(_udivsi3.o)
                              RTOS/src/port.o (__aeabi_uidiv)
c:/ac6/systemworkbench/plugins/fr.ac6.mcu.externaltools.arm-none.win32_1.13.1.201701261202/tools/compiler/bin/../lib/gcc/arm-none-eabi/5.4.1/armv6-m\libgcc.a(_dvmd_tls.o)
                              c:/ac6/systemworkbench/plugins/fr.ac6.mcu.externaltools.arm-none.win32_1.13.1.201701261202/tools/compiler/bin/../lib/gcc/arm-none-eabi/5.4.1/armv6-m\libgcc.a(_udivsi3.o) (__aeabi_idiv0)
c:/ac6/systemworkbench/plugins/fr.ac6.mcu.externaltools.arm-none.win32_1.13.1.201701261202/tools/compiler/bin/../lib/gcc/arm-none-eabi/5.4.1/armv6-m\libgcc.a(muldf3.o)
                              src/main.o (__aeabi_dmul)
c:/ac6/systemworkbench/plugins/fr.ac6.mcu.externaltools.arm-none.win32_1.13.1.201701261202/tools/compiler/bin/../lib/gcc/arm-none-eabi/5.4.1/armv6-m\libgcc.a(fixdfsi.o)
                              src/main.o (__aeabi_d2iz)
c:/ac6/systemworkbench/plugins/fr.ac6.mcu.externaltools.arm-none.win32_1.13.1.201701261202/tools/compiler/bin/../lib/gcc/arm-none-eabi/5.4.1/armv6-m\libgcc.a(floatunsidf.o)
                              src/main.o (__aeabi_ui2d)
c:/ac6/systemworkbench/plugins/fr.ac6.mcu.externaltools.arm-none.win32_1.13.1.201701261202/tools/compiler/bin/../lib/gcc/arm-none-eabi/5.4.1/armv6-m\libgcc.a(_clzsi2.o)
                              c:/ac6/systemworkbench/plugins/fr.ac6.mcu.externaltools.arm-none.win32_1.13.1.201701261202/tools/compiler/bin/../lib/gcc/arm-none-eabi/5.4.1/armv6-m\libgcc.a(muldf3.o) (__clzsi2)
c:/ac6/systemworkbench/plugins/fr.ac6.mcu.externaltools.arm-none.win32_1.13.1.201701261202/tools/compiler/bin/../lib/gcc/arm-none-eabi/5.4.1/../../../../arm-none-eabi/lib/armv6-m\libc.a(lib_a-errno.o)
                              src/syscalls.o (__errno)
c:/ac6/systemworkbench/plugins/fr.ac6.mcu.externaltools.arm-none.win32_1.13.1.201701261202/tools/compiler/bin/../lib/gcc/arm-none-eabi/5.4.1/../../../../arm-none-eabi/lib/armv6-m\libc.a(lib_a-exit.o)
                              c:/ac6/systemworkbench/plugins/fr.ac6.mcu.externaltools.arm-none.win32_1.13.1.201701261202/tools/compiler/bin/../lib/gcc/arm-none-eabi/5.4.1/../../../../arm-none-eabi/lib/armv6-m/crt0.o (exit)
c:/ac6/systemworkbench/plugins/fr.ac6.mcu.externaltools.arm-none.win32_1.13.1.201701261202/tools/compiler/bin/../lib/gcc/arm-none-eabi/5.4.1/../../../../arm-none-eabi/lib/armv6-m\libc.a(lib_a-impure.o)
                              c:/ac6/systemworkbench/plugins/fr.ac6.mcu.externaltools.arm-none.win32_1.13.1.201701261202/tools/compiler/bin/../lib/gcc/arm-none-eabi/5.4.1/../../../../arm-none-eabi/lib/armv6-m\libc.a(lib_a-exit.o) (_global_impure_ptr)
c:/ac6/systemworkbench/plugins/fr.ac6.mcu.externaltools.arm-none.win32_1.13.1.201701261202/tools/compiler/bin/../lib/gcc/arm-none-eabi/5.4.1/../../../../arm-none-eabi/lib/armv6-m\libc.a(lib_a-init.o)
                              c:/ac6/systemworkbench/plugins/fr.ac6.mcu.externaltools.arm-none.win32_1.13.1.201701261202/tools/compiler/bin/../lib/gcc/arm-none-eabi/5.4.1/../../../../arm-none-eabi/lib/armv6-m/crt0.o (__libc_init_array)
c:/ac6/systemworkbench/plugins/fr.ac6.mcu.externaltools.arm-none.win32_1.13.1.201701261202/tools/compiler/bin/../lib/gcc/arm-none-eabi/5.4.1/../../../../arm-none-eabi/lib/armv6-m\libc.a(lib_a-memcpy-stub.o)
                              RTOS/src/queue.o (memcpy)
c:/ac6/systemworkbench/plugins/fr.ac6.mcu.externaltools.arm-none.win32_1.13.1.201701261202/tools/compiler/bin/../lib/gcc/arm-none-eabi/5.4.1/../../../../arm-none-eabi/lib/armv6-m\libc.a(lib_a-memset.o)
                              c:/ac6/systemworkbench/plugins/fr.ac6.mcu.externaltools.arm-none.win32_1.13.1.201701261202/tools/compiler/bin/../lib/gcc/arm-none-eabi/5.4.1/../../../../arm-none-eabi/lib/armv6-m/crt0.o (memset)
c:/ac6/systemworkbench/plugins/fr.ac6.mcu.externaltools.arm-none.win32_1.13.1.201701261202/tools/compiler/bin/../lib/gcc/arm-none-eabi/5.4.1/../../../../arm-none-eabi/lib/armv6-m\libc.a(lib_a-strcmp.o)
                              src/FSM.o (strcmp)
c:/ac6/systemworkbench/plugins/fr.ac6.mcu.externaltools.arm-none.win32_1.13.1.201701261202/tools/compiler/bin/../lib/gcc/arm-none-eabi/5.4.1/../../../../arm-none-eabi/lib/armv6-m\libc.a(lib_a-strcpy.o)
                              src/Buffer.o (strcpy)
c:/ac6/systemworkbench/plugins/fr.ac6.mcu.externaltools.arm-none.win32_1.13.1.201701261202/tools/compiler/bin/../lib/gcc/arm-none-eabi/5.4.1/../../../../arm-none-eabi/lib/armv6-m\libc.a(lib_a-__call_atexit.o)
                              c:/ac6/systemworkbench/plugins/fr.ac6.mcu.externaltools.arm-none.win32_1.13.1.201701261202/tools/compiler/bin/../lib/gcc/arm-none-eabi/5.4.1/../../../../arm-none-eabi/lib/armv6-m\libc.a(lib_a-exit.o) (__call_exitprocs)
[...]
Memory Configuration

Name             Origin             Length             Attributes
FLASH            0x08000000         0x00010000         xr
RAM              0x20000000         0x00002000         xrw
*default*        0x00000000         0xffffffff

Linker script and memory map

LOAD c:/ac6/systemworkbench/plugins/fr.ac6.mcu.externaltools.arm-none.win32_1.13.1.201701261202/tools/compiler/bin/../lib/gcc/arm-none-eabi/5.4.1/armv6-m/crti.o
LOAD c:/ac6/systemworkbench/plugins/fr.ac6.mcu.externaltools.arm-none.win32_1.13.1.201701261202/tools/compiler/bin/../lib/gcc/arm-none-eabi/5.4.1/armv6-m/crtbegin.o
LOAD c:/ac6/systemworkbench/plugins/fr.ac6.mcu.externaltools.arm-none.win32_1.13.1.201701261202/tools/compiler/bin/../lib/gcc/arm-none-eabi/5.4.1/../../../../arm-none-eabi/lib/armv6-m/crt0.o
LOAD c:/ac6/systemworkbench/plugins/fr.ac6.mcu.externaltools.arm-none.win32_1.13.1.201701261202/tools/compiler/bin/../lib/gcc/arm-none-eabi/5.4.1/../../../../arm-none-eabi/lib/armv6-m\libm.a
LOAD RTOS/src/croutine.o
LOAD RTOS/src/event_groups.o
LOAD RTOS/src/heap_2.o
LOAD RTOS/src/list.o
LOAD RTOS/src/port.o
LOAD RTOS/src/queue.o
LOAD RTOS/src/task.o
LOAD RTOS/src/timers.o
LOAD StdPeriph_Driver/src/stm32f0xx_adc.o
LOAD StdPeriph_Driver/src/stm32f0xx_cec.o
LOAD StdPeriph_Driver/src/stm32f0xx_comp.o
LOAD StdPeriph_Driver/src/stm32f0xx_crc.o
LOAD StdPeriph_Driver/src/stm32f0xx_dac.o
LOAD StdPeriph_Driver/src/stm32f0xx_dbgmcu.o
LOAD StdPeriph_Driver/src/stm32f0xx_dma.o
LOAD StdPeriph_Driver/src/stm32f0xx_exti.o
LOAD StdPeriph_Driver/src/stm32f0xx_flash.o
LOAD StdPeriph_Driver/src/stm32f0xx_gpio.o
LOAD StdPeriph_Driver/src/stm32f0xx_i2c.o
LOAD StdPeriph_Driver/src/stm32f0xx_iwdg.o
LOAD StdPeriph_Driver/src/stm32f0xx_misc.o
LOAD StdPeriph_Driver/src/stm32f0xx_pwr.o
LOAD StdPeriph_Driver/src/stm32f0xx_rcc.o
LOAD StdPeriph_Driver/src/stm32f0xx_rtc.o
LOAD StdPeriph_Driver/src/stm32f0xx_spi.o
LOAD StdPeriph_Driver/src/stm32f0xx_syscfg.o
LOAD StdPeriph_Driver/src/stm32f0xx_tim.o
LOAD StdPeriph_Driver/src/stm32f0xx_usart.o
LOAD StdPeriph_Driver/src/stm32f0xx_wwdg.o
LOAD Utilities/stm32f0_discovery.o
LOAD src/ADC.o
LOAD src/Buffer.o
LOAD src/FSM.o
LOAD src/I2C_controller.o
LOAD src/UART.o
LOAD src/main.o
LOAD src/solenoid_driver.o
LOAD src/status_leds.o
LOAD src/syscalls.o
LOAD src/system_stm32f0xx.o
LOAD startup/startup_stm32f0xx.o
START GROUP
LOAD c:/ac6/systemworkbench/plugins/fr.ac6.mcu.externaltools.arm-none.win32_1.13.1.201701261202/tools/compiler/bin/../lib/gcc/arm-none-eabi/5.4.1/armv6-m\libgcc.a
LOAD c:/ac6/systemworkbench/plugins/fr.ac6.mcu.externaltools.arm-none.win32_1.13.1.201701261202/tools/compiler/bin/../lib/gcc/arm-none-eabi/5.4.1/../../../../arm-none-eabi/lib/armv6-m\libc.a
END GROUP
LOAD c:/ac6/systemworkbench/plugins/fr.ac6.mcu.externaltools.arm-none.win32_1.13.1.201701261202/tools/compiler/bin/../lib/gcc/arm-none-eabi/5.4.1/armv6-m/crtend.o
LOAD c:/ac6/systemworkbench/plugins/fr.ac6.mcu.externaltools.arm-none.win32_1.13.1.201701261202/tools/compiler/bin/../lib/gcc/arm-none-eabi/5.4.1/armv6-m/crtn.o
                0x20002000                _estack = 0x20002000
                0x00000000                _Min_Heap_Size = 0x0
                0x00000080                _Min_Stack_Size = 0x80

.isr_vector     0x08000000       0xc4
                0x08000000                . = ALIGN (0x4)
 *(.isr_vector)
 .isr_vector    0x08000000       0xc4 startup/startup_stm32f0xx.o
                0x08000000                g_pfnVectors
                0x080000c4                . = ALIGN (0x4)

.text           0x080000d0     0x3fd4
                0x080000d0                . = ALIGN (0x4)
 *(.text)
 .text          0x080000d0       0x60 c:/ac6/systemworkbench/plugins/fr.ac6.mcu.externaltools.arm-none.win32_1.13.1.201701261202/tools/compiler/bin/../lib/gcc/arm-none-eabi/5.4.1/armv6-m/crtbegin.o
 .text          0x08000130      0x114 c:/ac6/systemworkbench/plugins/fr.ac6.mcu.externaltools.arm-none.win32_1.13.1.201701261202/tools/compiler/bin/../lib/gcc/arm-none-eabi/5.4.1/armv6-m\libgcc.a(_udivsi3.o)
                0x08000130                __aeabi_uidiv
                0x08000130                __udivsi3
                0x0800023c                __aeabi_uidivmod
 .text          0x08000244        0x4 c:/ac6/systemworkbench/plugins/fr.ac6.mcu.externaltools.arm-none.win32_1.13.1.201701261202/tools/compiler/bin/../lib/gcc/arm-none-eabi/5.4.1/armv6-m\libgcc.a(_dvmd_tls.o)
                0x08000244                __aeabi_idiv0
                0x08000244                __aeabi_ldiv0
 .text          0x08000248       0x88 c:/ac6/systemworkbench/plugins/fr.ac6.mcu.externaltools.arm-none.win32_1.13.1.201701261202/tools/compiler/bin/../lib/gcc/arm-none-eabi/5.4.1/../../../../arm-none-eabi/lib/armv6-m\libc.a(lib_a-strcmp.o)
                0x08000248                strcmp
 *(.text*)
 .text.pvPortMalloc
                0x080002d0      0x11c RTOS/src/heap_2.o
                0x080002d0                pvPortMalloc
 .text.vPortFree
                0x080003ec       0x74 RTOS/src/heap_2.o
                0x080003ec                vPortFree
 .text.prvHeapInit
                0x08000460       0x50 RTOS/src/heap_2.o
 .text.vListInitialise
                0x080004b0       0x3c RTOS/src/list.o
                0x080004b0                vListInitialise
 .text.vListInitialiseItem
                0x080004ec       0x18 RTOS/src/list.o
                0x080004ec                vListInitialiseItem
 .text.vListInsertEnd
                0x08000504       0x44 RTOS/src/list.o
                0x08000504                vListInsertEnd
 .text.vListInsert
                0x08000548       0x6c RTOS/src/list.o
                0x08000548                vListInsert
 .text.uxListRemove
                0x080005b4       0x50 RTOS/src/list.o
                0x080005b4                uxListRemove
 .text.pxPortInitialiseStack
                0x08000604       0x54 RTOS/src/port.o
                0x08000604                pxPortInitialiseStack
 .text.prvTaskExitError
                0x08000658       0x18 RTOS/src/port.o
 .text.vPortStartFirstTask
                0x08000670       0x38 RTOS/src/port.o
 .text.xPortStartScheduler
                0x080006a8       0x44 RTOS/src/port.o
                0x080006a8                xPortStartScheduler
 .text.vPortYield
                0x080006ec       0x20 RTOS/src/port.o
                0x080006ec                vPortYield
 .text.vPortEnterCritical
                0x0800070c       0x24 RTOS/src/port.o
                0x0800070c                vPortEnterCritical
 .text.vPortExitCritical
                0x08000730       0x30 RTOS/src/port.o
                0x08000730                vPortExitCritical
 .text.ulSetInterruptMaskFromISR
                0x08000760        0xc RTOS/src/port.o
                0x08000760                ulSetInterruptMaskFromISR
 .text.vClearInterruptMaskFromISR
                0x0800076c        0x8 RTOS/src/port.o
                0x0800076c                vClearInterruptMaskFromISR
 *fill*         0x08000774        0xc 
 .text.PendSV_Handler
                0x08000780       0x48 RTOS/src/port.o
                0x08000780                PendSV_Handler
 .text.SysTick_Handler
                0x080007c8       0x34 RTOS/src/port.o
                0x080007c8                SysTick_Handler
 .text.prvSetupTimerInterrupt
                0x080007fc       0x34 RTOS/src/port.o
 .text.xQueueGenericReset
                0x08000830       0xa8 RTOS/src/queue.o
                0x08000830                xQueueGenericReset
 .text.xQueueGenericCreate
                0x080008d8       0x64 RTOS/src/queue.o
                0x080008d8                xQueueGenericCreate
 .text.prvInitialiseNewQueue
                0x0800093c       0x50 RTOS/src/queue.o
 .text.xQueueGenericSend
                0x0800098c      0x188 RTOS/src/queue.o
                0x0800098c                xQueueGenericSend
 .text.xQueueGenericSendFromISR
                0x08000b14       0xe4 RTOS/src/queue.o
                0x08000b14                xQueueGenericSendFromISR
 .text.xQueueGenericReceive
                0x08000bf8      0x1c8 RTOS/src/queue.o
                0x08000bf8                xQueueGenericReceive
 .text.prvCopyDataToQueue
                0x08000dc0       0xd8 RTOS/src/queue.o
 .text.prvCopyDataFromQueue
                0x08000e98       0x4c RTOS/src/queue.o
 .text.prvUnlockQueue
                0x08000ee4       0xc0 RTOS/src/queue.o
 .text.prvIsQueueEmpty
                0x08000fa4       0x2c RTOS/src/queue.o
 .text.prvIsQueueFull
                0x08000fd0       0x30 RTOS/src/queue.o
 .text.vQueueAddToRegistry
                0x08001000       0x50 RTOS/src/queue.o
                0x08001000                vQueueAddToRegistry
 .text.vQueueWaitForMessageRestricted
                0x08001050       0x68 RTOS/src/queue.o
                0x08001050                vQueueWaitForMessageRestricted
 .text.xTaskCreate
                0x080010b8       0x90 RTOS/src/task.o
                0x080010b8                xTaskCreate
 .text.prvInitialiseNewTask
                0x08001148      0x104 RTOS/src/task.o
 .text.prvAddNewTaskToReadyList
                0x0800124c       0xd0 RTOS/src/task.o
 .text.vTaskDelete
                0x0800131c       0xc8 RTOS/src/task.o
                0x0800131c                vTaskDelete
 .text.vTaskDelay
                0x080013e4       0x4c RTOS/src/task.o
                0x080013e4                vTaskDelay
 .text.vTaskStartScheduler
                0x08001430       0x78 RTOS/src/task.o
                0x08001430                vTaskStartScheduler
 .text.vTaskSuspendAll
                0x080014a8       0x18 RTOS/src/task.o
                0x080014a8                vTaskSuspendAll
 .text.xTaskResumeAll
                0x080014c0      0x118 RTOS/src/task.o
                0x080014c0                xTaskResumeAll
 .text.xTaskGetTickCount
                0x080015d8       0x1c RTOS/src/task.o
                0x080015d8                xTaskGetTickCount
 .text.xTaskIncrementTick
                0x080015f4      0x168 RTOS/src/task.o
                0x080015f4                xTaskIncrementTick
 .text.vTaskSwitchContext
                0x0800175c       0xa4 RTOS/src/task.o
                0x0800175c                vTaskSwitchContext
 .text.vTaskPlaceOnEventList
                0x08001800       0x3c RTOS/src/task.o
                0x08001800                vTaskPlaceOnEventList
 .text.vTaskPlaceOnEventListRestricted
                0x0800183c       0x4c RTOS/src/task.o
                0x0800183c                vTaskPlaceOnEventListRestricted
 .text.xTaskRemoveFromEventList
                0x08001888       0xb8 RTOS/src/task.o
                0x08001888                xTaskRemoveFromEventList
 .text.vTaskSetTimeOutState
                0x08001940       0x34 RTOS/src/task.o
                0x08001940                vTaskSetTimeOutState
 .text.xTaskCheckForTimeOut
                0x08001974       0x9c RTOS/src/task.o
                0x08001974                xTaskCheckForTimeOut
 .text.vTaskMissedYield
                0x08001a10       0x14 RTOS/src/task.o
                0x08001a10                vTaskMissedYield
 .text.prvIdleTask
                0x08001a24       0x20 RTOS/src/task.o
 .text.prvInitialiseTaskLists
                0x08001a44       0x88 RTOS/src/task.o
 .text.prvCheckTasksWaitingTermination
                0x08001acc       0x74 RTOS/src/task.o
 .text.prvDeleteTCB
                0x08001b40       0x24 RTOS/src/task.o
 .text.prvResetNextTaskUnblockTime
                0x08001b64       0x48 RTOS/src/task.o
 .text.xTaskGetCurrentTaskHandle
                0x08001bac       0x1c RTOS/src/task.o
                0x08001bac                xTaskGetCurrentTaskHandle
 .text.xTaskGetSchedulerState
                0x08001bc8       0x38 RTOS/src/task.o
                0x08001bc8                xTaskGetSchedulerState
 .text.vTaskPriorityInherit
                0x08001c00       0xbc RTOS/src/task.o
                0x08001c00                vTaskPriorityInherit
 .text.xTaskPriorityDisinherit
                0x08001cbc       0xb8 RTOS/src/task.o
                0x08001cbc                xTaskPriorityDisinherit
 .text.pvTaskIncrementMutexHeldCount
                0x08001d74       0x24 RTOS/src/task.o
                0x08001d74                pvTaskIncrementMutexHeldCount
 .text.ulTaskNotifyTake
                0x08001d98       0x84 RTOS/src/task.o
                0x08001d98                ulTaskNotifyTake
 .text.xTaskGenericNotify
                0x08001e1c      0x118 RTOS/src/task.o
                0x08001e1c                xTaskGenericNotify
 .text.xTaskGenericNotifyFromISR
                0x08001f34      0x154 RTOS/src/task.o
                0x08001f34                xTaskGenericNotifyFromISR
 .text.vTaskNotifyGiveFromISR
                0x08002088       0xf4 RTOS/src/task.o
                0x08002088                vTaskNotifyGiveFromISR
 .text.prvAddCurrentTaskToDelayedList
                0x0800217c       0xa8 RTOS/src/task.o
 .text.xTimerCreateTimerTask
                0x08002224       0x54 RTOS/src/timers.o
                0x08002224                xTimerCreateTimerTask
 .text.xTimerCreate
                0x08002278       0x40 RTOS/src/timers.o
                0x08002278                xTimerCreate
 .text.prvInitialiseNewTimer
                0x080022b8       0x54 RTOS/src/timers.o
 .text.xTimerGenericCommand
                0x0800230c       0x9c RTOS/src/timers.o
                0x0800230c                xTimerGenericCommand
 .text.prvProcessExpiredTimer
                0x080023a8       0x70 RTOS/src/timers.o
 .text.prvTimerTask
                0x08002418       0x28 RTOS/src/timers.o
 .text.prvProcessTimerOrBlockTask
                0x08002440       0x8c RTOS/src/timers.o
 .text.prvGetNextExpireTime
                0x080024cc       0x40 RTOS/src/timers.o
 .text.prvSampleTimeNow
                0x0800250c       0x40 RTOS/src/timers.o
 .text.prvInsertTimerInActiveList
                0x0800254c       0x84 RTOS/src/timers.o
 .text.prvProcessReceivedCommands
                0x080025d0      0x100 RTOS/src/timers.o
 .text.prvSwitchTimerLists
                0x080026d0       0xb4 RTOS/src/timers.o
 .text.prvCheckForValidListAndQueue
                0x08002784       0x74 RTOS/src/timers.o
 .text.pvTimerGetTimerID
                0x080027f8       0x30 RTOS/src/timers.o
                0x080027f8                pvTimerGetTimerID
 .text.GPIO_Init
                0x08002828      0x128 StdPeriph_Driver/src/stm32f0xx_gpio.o
                0x08002828                GPIO_Init
 .text.GPIO_WriteBit
                0x08002950       0x3c StdPeriph_Driver/src/stm32f0xx_gpio.o
                0x08002950                GPIO_WriteBit
 .text.GPIO_PinAFConfig
                0x0800298c       0xa4 StdPeriph_Driver/src/stm32f0xx_gpio.o
                0x0800298c                GPIO_PinAFConfig
 .text.RCC_APB1PeriphClockCmd
                0x08002a30       0x40 StdPeriph_Driver/src/stm32f0xx_rcc.o
                0x08002a30                RCC_APB1PeriphClockCmd
 .text.TIM_TimeBaseInit
                0x08002a70       0xf0 StdPeriph_Driver/src/stm32f0xx_tim.o
                0x08002a70                TIM_TimeBaseInit
 .text.TIM_Cmd  0x08002b60       0x40 StdPeriph_Driver/src/stm32f0xx_tim.o
                0x08002b60                TIM_Cmd
 .text.TIM_OC3Init
                0x08002ba0      0x1a8 StdPeriph_Driver/src/stm32f0xx_tim.o
                0x08002ba0                TIM_OC3Init
 .text.TIM_OC4Init
                0x08002d48      0x138 StdPeriph_Driver/src/stm32f0xx_tim.o
                0x08002d48                TIM_OC4Init
 .text.TIM_OC3PreloadConfig
                0x08002e80       0x54 StdPeriph_Driver/src/stm32f0xx_tim.o
                0x08002e80                TIM_OC3PreloadConfig
 .text.TIM_OC4PreloadConfig
                0x08002ed4       0x5c StdPeriph_Driver/src/stm32f0xx_tim.o
                0x08002ed4                TIM_OC4PreloadConfig
 .text.Buffer_add
                0x08002f30       0xa8 src/Buffer.o
                0x08002f30                Buffer_add
 .text.Buffer_pop
                0x08002fd8       0x64 src/Buffer.o
                0x08002fd8                Buffer_pop
 .text.Buffer_init
                0x0800303c       0x30 src/Buffer.o
                0x0800303c                Buffer_init
 .text.FSM_Init
                0x0800306c       0x18 src/FSM.o
                0x0800306c                FSM_Init
 .text.FSM      0x08003084      0x12c src/FSM.o
                0x08003084                FSM
 .text.NVIC_EnableIRQ
                0x080031b0       0x2c src/I2C_controller.o
 .text.NVIC_SetPriority
                0x080031dc       0xdc src/I2C_controller.o
 .text.Configure_GPIO_I2C2
                0x080032b8       0x58 src/I2C_controller.o
                0x080032b8                Configure_GPIO_I2C2
 .text.Configure_I2C2_Master
                0x08003310       0x54 src/I2C_controller.o
                0x08003310                Configure_I2C2_Master
 .text.I2C1_IRQHandler
                0x08003364       0x84 src/I2C_controller.o
                0x08003364                I2C1_IRQHandler
 .text.NVIC_EnableIRQ
                0x080033e8       0x2c src/UART.o
 .text.NVIC_DisableIRQ
                0x08003414       0x30 src/UART.o
 .text.NVIC_SetPriority
                0x08003444       0xdc src/UART.o
 .text.ResetCommBuffer
                0x08003520       0x38 src/UART.o
 .text.AppendToCommBuffer
                0x08003558       0x34 src/UART.o
 .text.Configure_GPIO_USART1
                0x0800358c       0x50 src/UART.o
 .text.Configure_USART1
                0x080035dc       0x64 src/UART.o
 .text.UART_init
                0x08003640       0x38 src/UART.o
                0x08003640                UART_init
 .text.new_char_recv
                0x08003678       0x88 src/UART.o
 .text.USART1_IRQHandler
                0x08003700       0xc0 src/UART.o
                0x08003700                USART1_IRQHandler
 .text.UART_push_out
                0x080037c0       0x54 src/UART.o
                0x080037c0                UART_push_out
 .text.CreateSemaphores
                0x08003814       0x38 src/main.o
                0x08003814                CreateSemaphores
 .text.main     0x0800384c       0x24 src/main.o
                0x0800384c                main
 .text.bootUpSeq
                0x08003870       0x1c src/main.o
                0x08003870                bootUpSeq
 .text.blinkyTask
                0x0800388c       0x28 src/main.o
                0x0800388c                blinkyTask
 .text.vBootTaskInit
                0x080038b4       0x28 src/main.o
                0x080038b4                vBootTaskInit
 .text.vGeneralTaskInit
                0x080038dc       0x44 src/main.o
                0x080038dc                vGeneralTaskInit
 .text.vSafetyStopTimerCallback
                0x08003920       0x38 src/solenoid_driver.o
 .text.timer3_it_config
                0x08003958      0x120 src/solenoid_driver.o
 .text.software_timer_config
                0x08003a78       0x3c src/solenoid_driver.o
 .text.solenoid_driver_init
                0x08003ab4       0x14 src/solenoid_driver.o
                0x08003ab4                solenoid_driver_init
 .text.turn_on_solenoid
                0x08003ac8       0x5c src/solenoid_driver.o
                0x08003ac8                turn_on_solenoid
 .text.blink_led_C8_C9_init
                0x08003b24       0x98 src/status_leds.o
                0x08003b24                blink_led_C8_C9_init
 .text.SystemInit
                0x08003bbc       0x8c src/system_stm32f0xx.o
                0x08003bbc                SystemInit
 .text.SetSysClock
                0x08003c48       0x94 src/system_stm32f0xx.o
 .text.Reset_Handler
                0x08003cdc       0x50 startup/startup_stm32f0xx.o
                0x08003cdc                Reset_Handler
 .text.Default_Handler
                0x08003d2c        0x2 startup/startup_stm32f0xx.o
                0x08003d2c                TIM1_CC_IRQHandler
                0x08003d2c                HardFault_Handler
                0x08003d2c                ADC1_COMP_IRQHandler
                0x08003d2c                PVD_IRQHandler
                0x08003d2c                NMI_Handler
                0x08003d2c                SPI1_IRQHandler
                0x08003d2c                TIM6_DAC_IRQHandler
                0x08003d2c                EXTI2_3_IRQHandler
                0x08003d2c                I2C2_IRQHandler
                0x08003d2c                TIM17_IRQHandler
                0x08003d2c                RTC_IRQHandler
                0x08003d2c                TIM16_IRQHandler
                0x08003d2c                TIM3_IRQHandler
                0x08003d2c                EXTI4_15_IRQHandler
                0x08003d2c                RCC_IRQHandler
                0x08003d2c                DMA1_Channel1_IRQHandler
                0x08003d2c                Default_Handler
                0x08003d2c                CEC_IRQHandler
                0x08003d2c                TIM14_IRQHandler
                0x08003d2c                DMA1_Channel4_5_IRQHandler
                0x08003d2c                TIM15_IRQHandler
                0x08003d2c                EXTI0_1_IRQHandler
                0x08003d2c                SPI2_IRQHandler
                0x08003d2c                SVC_Handler
                0x08003d2c                TS_IRQHandler
                0x08003d2c                WWDG_IRQHandler
                0x08003d2c                TIM2_IRQHandler
                0x08003d2c                DMA1_Channel2_3_IRQHandler
                0x08003d2c                USART2_IRQHandler
                0x08003d2c                FLASH_IRQHandler
                0x08003d2c                TIM1_BRK_UP_TRG_COM_IRQHandler
 *fill*         0x08003d2e        0x2 
 .text.__libc_init_array
                0x08003d30       0x48 c:/ac6/systemworkbench/plugins/fr.ac6.mcu.externaltools.arm-none.win32_1.13.1.201701261202/tools/compiler/bin/../lib/gcc/arm-none-eabi/5.4.1/../../../../arm-none-eabi/lib/armv6-m\libc.a(lib_a-init.o)
                0x08003d30                __libc_init_array
 .text.memcpy   0x08003d78       0x7c c:/ac6/systemworkbench/plugins/fr.ac6.mcu.externaltools.arm-none.win32_1.13.1.201701261202/tools/compiler/bin/../lib/gcc/arm-none-eabi/5.4.1/../../../../arm-none-eabi/lib/armv6-m\libc.a(lib_a-memcpy-stub.o)
                0x08003d78                memcpy
 .text.memset   0x08003df4       0x8c c:/ac6/systemworkbench/plugins/fr.ac6.mcu.externaltools.arm-none.win32_1.13.1.201701261202/tools/compiler/bin/../lib/gcc/arm-none-eabi/5.4.1/../../../../arm-none-eabi/lib/armv6-m\libc.a(lib_a-memset.o)
                0x08003df4                memset
 .text.strcpy   0x08003e80       0x10 c:/ac6/systemworkbench/plugins/fr.ac6.mcu.externaltools.arm-none.win32_1.13.1.201701261202/tools/compiler/bin/../lib/gcc/arm-none-eabi/5.4.1/../../../../arm-none-eabi/lib/armv6-m\libc.a(lib_a-strcpy.o)
                0x08003e80                strcpy
 .text.startup.register_fini
                0x08003e90       0x18 c:/ac6/systemworkbench/plugins/fr.ac6.mcu.externaltools.arm-none.win32_1.13.1.201701261202/tools/compiler/bin/../lib/gcc/arm-none-eabi/5.4.1/../../../../arm-none-eabi/lib/armv6-m\libc.a(lib_a-__call_atexit.o)
 .text.atexit   0x08003ea8       0x10 c:/ac6/systemworkbench/plugins/fr.ac6.mcu.externaltools.arm-none.win32_1.13.1.201701261202/tools/compiler/bin/../lib/gcc/arm-none-eabi/5.4.1/../../../../arm-none-eabi/lib/armv6-m\libc.a(lib_a-atexit.o)
                0x08003ea8                atexit
 .text.__libc_fini_array
                0x08003eb8       0x34 c:/ac6/systemworkbench/plugins/fr.ac6.mcu.externaltools.arm-none.win32_1.13.1.201701261202/tools/compiler/bin/../lib/gcc/arm-none-eabi/5.4.1/../../../../arm-none-eabi/lib/armv6-m\libc.a(lib_a-fini.o)
                0x08003eb8                __libc_fini_array
 .text.__register_exitproc
                0x08003eec       0xd4 c:/ac6/systemworkbench/plugins/fr.ac6.mcu.externaltools.arm-none.win32_1.13.1.201701261202/tools/compiler/bin/../lib/gcc/arm-none-eabi/5.4.1/../../../../arm-none-eabi/lib/armv6-m\libc.a(lib_a-__atexit.o)
                0x08003eec                __register_exitproc
 *(.rodata)
 .rodata        0x08003fc0       0x30 RTOS/src/task.o
 .rodata        0x08003ff0       0x35 RTOS/src/timers.o
 *fill*         0x08004025        0x3 
 .rodata        0x08004028       0x38 src/FSM.o
 .rodata        0x08004060       0x18 src/main.o
 .rodata        0x08004078       0x10 src/solenoid_driver.o
 *(.rodata*)
 .rodata._global_impure_ptr
                0x08004088        0x4 c:/ac6/systemworkbench/plugins/fr.ac6.mcu.externaltools.arm-none.win32_1.13.1.201701261202/tools/compiler/bin/../lib/gcc/arm-none-eabi/5.4.1/../../../../arm-none-eabi/lib/armv6-m\libc.a(lib_a-impure.o)
                0x08004088                _global_impure_ptr
 *(.glue_7)
 .glue_7        0x0800408c        0x0 linker stubs
 *(.glue_7t)
 .glue_7t       0x0800408c        0x0 linker stubs
 *(.eh_frame)
 .eh_frame      0x0800408c        0x0 c:/ac6/systemworkbench/plugins/fr.ac6.mcu.externaltools.arm-none.win32_1.13.1.201701261202/tools/compiler/bin/../lib/gcc/arm-none-eabi/5.4.1/armv6-m/crtbegin.o
 *(.init)
 .init          0x0800408c        0x4 c:/ac6/systemworkbench/plugins/fr.ac6.mcu.externaltools.arm-none.win32_1.13.1.201701261202/tools/compiler/bin/../lib/gcc/arm-none-eabi/5.4.1/armv6-m/crti.o
                0x0800408c                _init
 .init          0x08004090        0x8 c:/ac6/systemworkbench/plugins/fr.ac6.mcu.externaltools.arm-none.win32_1.13.1.201701261202/tools/compiler/bin/../lib/gcc/arm-none-eabi/5.4.1/armv6-m/crtn.o
 *(.fini)
 .fini          0x08004098        0x4 c:/ac6/systemworkbench/plugins/fr.ac6.mcu.externaltools.arm-none.win32_1.13.1.201701261202/tools/compiler/bin/../lib/gcc/arm-none-eabi/5.4.1/armv6-m/crti.o
                0x08004098                _fini
 .fini          0x0800409c        0x8 c:/ac6/systemworkbench/plugins/fr.ac6.mcu.externaltools.arm-none.win32_1.13.1.201701261202/tools/compiler/bin/../lib/gcc/arm-none-eabi/5.4.1/armv6-m/crtn.o
                0x080040a4                . = ALIGN (0x4)
                0x080040a4                _etext = .

.vfp11_veneer   0x080040a4        0x0
 .vfp11_veneer  0x080040a4        0x0 linker stubs

.v4_bx          0x080040a4        0x0
 .v4_bx         0x080040a4        0x0 linker stubs

.iplt           0x080040a4        0x0
 .iplt          0x080040a4        0x0 c:/ac6/systemworkbench/plugins/fr.ac6.mcu.externaltools.arm-none.win32_1.13.1.201701261202/tools/compiler/bin/../lib/gcc/arm-none-eabi/5.4.1/armv6-m/crtbegin.o

.rel.dyn        0x080040a4        0x0
 .rel.iplt      0x080040a4        0x0 c:/ac6/systemworkbench/plugins/fr.ac6.mcu.externaltools.arm-none.win32_1.13.1.201701261202/tools/compiler/bin/../lib/gcc/arm-none-eabi/5.4.1/armv6-m/crtbegin.o

.ARM.extab
 *(.ARM.extab* .gnu.linkonce.armextab.*)

.ARM            0x080040a4        0x0
                0x080040a4                __exidx_start = .
 *(.ARM.exidx*)
                0x080040a4                __exidx_end = .

.preinit_array  0x080040a4        0x0
                0x080040a4                PROVIDE (__preinit_array_start, .)
 *(.preinit_array*)
                0x080040a4                PROVIDE (__preinit_array_end, .)

.init_array     0x080040a4        0x8
                0x080040a4                PROVIDE (__init_array_start, .)
 *(SORT(.init_array.*))
 .init_array.00000
                0x080040a4        0x4 c:/ac6/systemworkbench/plugins/fr.ac6.mcu.externaltools.arm-none.win32_1.13.1.201701261202/tools/compiler/bin/../lib/gcc/arm-none-eabi/5.4.1/../../../../arm-none-eabi/lib/armv6-m\libc.a(lib_a-__call_atexit.o)
 *(.init_array*)
 .init_array    0x080040a8        0x4 c:/ac6/systemworkbench/plugins/fr.ac6.mcu.externaltools.arm-none.win32_1.13.1.201701261202/tools/compiler/bin/../lib/gcc/arm-none-eabi/5.4.1/armv6-m/crtbegin.o
                0x080040ac                PROVIDE (__init_array_end, .)

.fini_array     0x080040ac        0x4
                0x080040ac                PROVIDE (__fini_array_start, .)
 *(SORT(.fini_array.*))
 *(.fini_array*)
 .fini_array    0x080040ac        0x4 c:/ac6/systemworkbench/plugins/fr.ac6.mcu.externaltools.arm-none.win32_1.13.1.201701261202/tools/compiler/bin/../lib/gcc/arm-none-eabi/5.4.1/armv6-m/crtbegin.o
                0x080040b0                PROVIDE (__fini_array_end, .)
                0x080040b0                _sidata = LOADADDR (.data)

.data           0x20000000      0x448 load address 0x080040b0
                0x20000000                . = ALIGN (0x4)
                0x20000000                _sdata = .
 *(.data)
 .data          0x20000000        0x4 RTOS/src/heap_2.o
 .data          0x20000004        0x4 RTOS/src/port.o
 .data          0x20000008       0x14 src/system_stm32f0xx.o
                0x20000008                SystemCoreClock
                0x2000000c                AHBPrescTable
 *(.data*)
 *fill*         0x2000001c        0x4 
 .data.impure_data
                0x20000020      0x428 c:/ac6/systemworkbench/plugins/fr.ac6.mcu.externaltools.arm-none.win32_1.13.1.201701261202/tools/compiler/bin/../lib/gcc/arm-none-eabi/5.4.1/../../../../arm-none-eabi/lib/armv6-m\libc.a(lib_a-impure.o)
                0x20000448                . = ALIGN (0x4)
                0x20000448                _edata = .

.jcr            0x20000448        0x0 load address 0x080044f8
 .jcr           0x20000448        0x0 c:/ac6/systemworkbench/plugins/fr.ac6.mcu.externaltools.arm-none.win32_1.13.1.201701261202/tools/compiler/bin/../lib/gcc/arm-none-eabi/5.4.1/armv6-m/crtbegin.o

.igot.plt       0x20000448        0x0 load address 0x080044f8
 .igot.plt      0x20000448        0x0 c:/ac6/systemworkbench/plugins/fr.ac6.mcu.externaltools.arm-none.win32_1.13.1.201701261202/tools/compiler/bin/../lib/gcc/arm-none-eabi/5.4.1/armv6-m/crtbegin.o
                0x20000448                . = ALIGN (0x4)

.bss            0x20000448     0x12d8 load address 0x080044f8
                0x20000448                _sbss = .
                0x20000448                __bss_start__ = _sbss
 *(.bss)
 .bss           0x20000448       0x1c c:/ac6/systemworkbench/plugins/fr.ac6.mcu.externaltools.arm-none.win32_1.13.1.201701261202/tools/compiler/bin/../lib/gcc/arm-none-eabi/5.4.1/armv6-m/crtbegin.o
 .bss           0x20000464     0x107c RTOS/src/heap_2.o
 .bss           0x200014e0      0x104 RTOS/src/task.o
                0x200014e0                pxCurrentTCB
 .bss           0x200015e4       0x3c RTOS/src/timers.o
 .bss           0x20001620        0x4 src/I2C_controller.o
                0x20001620                xTaskToNotify
 .bss           0x20001624       0x1d src/UART.o
                0x20001624                UARTTaskToNotify
                0x20001628                stringtosend
                0x20001634                chars_recv
                0x2000163c                curr_data_recv_idx
 *fill*         0x20001641        0x3 
 .bss           0x20001644        0x4 src/main.o
 .bss           0x20001648        0x4 src/solenoid_driver.o
 *(.bss*)
 *(COMMON)
 COMMON         0x2000164c       0x40 RTOS/src/queue.o
                0x2000164c                xQueueRegistry
 COMMON         0x2000168c       0x44 src/FSM.o
                0x2000168c                inputBuffer
 COMMON         0x200016d0        0x8 src/I2C_controller.o
                0x200016d0                data_update_callback
                0x200016d4                data_to_send_update
 COMMON         0x200016d8       0x45 src/UART.o
                0x200016d8                outputBuffer
                0x2000171c                output_transfer_in_progress
                0x20001720                . = ALIGN (0x4)
 *fill*         0x2000171d        0x3 
                0x20001720                _ebss = .
                0x20001720                __bss_end__ = _ebss

._user_heap_stack
                0x20001720       0x80 load address 0x080044f8
                0x20001720                . = ALIGN (0x8)
                0x20001720                PROVIDE (end, .)
                [!provide]                PROVIDE (_end, .)
                0x20001720                . = (. + _Min_Heap_Size)
                0x200017a0                . = (. + _Min_Stack_Size)
 *fill*         0x20001720       0x80 
                0x200017a0                . = ALIGN (0x8)

.ARM.attributes
                0x00000000       0x28
 *(.ARM.attributes)
 .ARM.attributes
                0x00000000       0x1e c:/ac6/systemworkbench/plugins/fr.ac6.mcu.externaltools.arm-none.win32_1.13.1.201701261202/tools/compiler/bin/../lib/gcc/arm-none-eabi/5.4.1/armv6-m/crti.o
 .ARM.attributes
                0x0000001e       0x2c c:/ac6/systemworkbench/plugins/fr.ac6.mcu.externaltools.arm-none.win32_1.13.1.201701261202/tools/compiler/bin/../lib/gcc/arm-none-eabi/5.4.1/armv6-m/crtbegin.o
 .ARM.attributes
                0x0000004a       0x31 RTOS/src/heap_2.o
 .ARM.attributes
                0x0000007b       0x31 RTOS/src/list.o
 .ARM.attributes
                0x000000ac       0x31 RTOS/src/port.o
 .ARM.attributes
                0x000000dd       0x31 RTOS/src/queue.o
 .ARM.attributes
                0x0000010e       0x31 RTOS/src/task.o
 .ARM.attributes
                0x0000013f       0x31 RTOS/src/timers.o
 .ARM.attributes
                0x00000170       0x31 StdPeriph_Driver/src/stm32f0xx_gpio.o
 .ARM.attributes
                0x000001a1       0x31 StdPeriph_Driver/src/stm32f0xx_rcc.o
 .ARM.attributes
                0x000001d2       0x31 StdPeriph_Driver/src/stm32f0xx_tim.o
 .ARM.attributes
                0x00000203       0x31 src/Buffer.o
 .ARM.attributes
                0x00000234       0x31 src/FSM.o
 .ARM.attributes
                0x00000265       0x31 src/I2C_controller.o
 .ARM.attributes
                0x00000296       0x31 src/UART.o
 .ARM.attributes
                0x000002c7       0x31 src/main.o
 .ARM.attributes
                0x000002f8       0x31 src/solenoid_driver.o
 .ARM.attributes
                0x00000329       0x31 src/status_leds.o
 .ARM.attributes
                0x0000035a       0x31 src/system_stm32f0xx.o
 .ARM.attributes
                0x0000038b       0x21 startup/startup_stm32f0xx.o
 .ARM.attributes
                0x000003ac       0x1e c:/ac6/systemworkbench/plugins/fr.ac6.mcu.externaltools.arm-none.win32_1.13.1.201701261202/tools/compiler/bin/../lib/gcc/arm-none-eabi/5.4.1/armv6-m\libgcc.a(_udivsi3.o)
 .ARM.attributes
                0x000003ca       0x1e c:/ac6/systemworkbench/plugins/fr.ac6.mcu.externaltools.arm-none.win32_1.13.1.201701261202/tools/compiler/bin/../lib/gcc/arm-none-eabi/5.4.1/armv6-m\libgcc.a(_dvmd_tls.o)
 .ARM.attributes
                0x000003e8       0x2c c:/ac6/systemworkbench/plugins/fr.ac6.mcu.externaltools.arm-none.win32_1.13.1.201701261202/tools/compiler/bin/../lib/gcc/arm-none-eabi/5.4.1/../../../../arm-none-eabi/lib/armv6-m\libc.a(lib_a-impure.o)
 .ARM.attributes
                0x00000414       0x2c c:/ac6/systemworkbench/plugins/fr.ac6.mcu.externaltools.arm-none.win32_1.13.1.201701261202/tools/compiler/bin/../lib/gcc/arm-none-eabi/5.4.1/../../../../arm-none-eabi/lib/armv6-m\libc.a(lib_a-init.o)
 .ARM.attributes
                0x00000440       0x2c c:/ac6/systemworkbench/plugins/fr.ac6.mcu.externaltools.arm-none.win32_1.13.1.201701261202/tools/compiler/bin/../lib/gcc/arm-none-eabi/5.4.1/../../../../arm-none-eabi/lib/armv6-m\libc.a(lib_a-memcpy-stub.o)
 .ARM.attributes
                0x0000046c       0x2c c:/ac6/systemworkbench/plugins/fr.ac6.mcu.externaltools.arm-none.win32_1.13.1.201701261202/tools/compiler/bin/../lib/gcc/arm-none-eabi/5.4.1/../../../../arm-none-eabi/lib/armv6-m\libc.a(lib_a-memset.o)
 .ARM.attributes
                0x00000498       0x1b c:/ac6/systemworkbench/plugins/fr.ac6.mcu.externaltools.arm-none.win32_1.13.1.201701261202/tools/compiler/bin/../lib/gcc/arm-none-eabi/5.4.1/../../../../arm-none-eabi/lib/armv6-m\libc.a(lib_a-strcmp.o)
 .ARM.attributes
                0x000004b3       0x2c c:/ac6/systemworkbench/plugins/fr.ac6.mcu.externaltools.arm-none.win32_1.13.1.201701261202/tools/compiler/bin/../lib/gcc/arm-none-eabi/5.4.1/../../../../arm-none-eabi/lib/armv6-m\libc.a(lib_a-strcpy.o)
 .ARM.attributes
                0x000004df       0x2c c:/ac6/systemworkbench/plugins/fr.ac6.mcu.externaltools.arm-none.win32_1.13.1.201701261202/tools/compiler/bin/../lib/gcc/arm-none-eabi/5.4.1/../../../../arm-none-eabi/lib/armv6-m\libc.a(lib_a-__call_atexit.o)
 .ARM.attributes
                0x0000050b       0x2c c:/ac6/systemworkbench/plugins/fr.ac6.mcu.externaltools.arm-none.win32_1.13.1.201701261202/tools/compiler/bin/../lib/gcc/arm-none-eabi/5.4.1/../../../../arm-none-eabi/lib/armv6-m\libc.a(lib_a-atexit.o)
 .ARM.attributes
                0x00000537       0x2c c:/ac6/systemworkbench/plugins/fr.ac6.mcu.externaltools.arm-none.win32_1.13.1.201701261202/tools/compiler/bin/../lib/gcc/arm-none-eabi/5.4.1/../../../../arm-none-eabi/lib/armv6-m\libc.a(lib_a-fini.o)
 .ARM.attributes
                0x00000563       0x2c c:/ac6/systemworkbench/plugins/fr.ac6.mcu.externaltools.arm-none.win32_1.13.1.201701261202/tools/compiler/bin/../lib/gcc/arm-none-eabi/5.4.1/../../../../arm-none-eabi/lib/armv6-m\libc.a(lib_a-__atexit.o)
 .ARM.attributes
                0x0000058f       0x1e c:/ac6/systemworkbench/plugins/fr.ac6.mcu.externaltools.arm-none.win32_1.13.1.201701261202/tools/compiler/bin/../lib/gcc/arm-none-eabi/5.4.1/armv6-m/crtn.o
OUTPUT(Weight_Dropper_1.0.elf elf32-littlearm)

.debug_info     0x00000000     0x8dae
 .debug_info    0x00000000      0x2e7 RTOS/src/heap_2.o
 .debug_info    0x000002e7      0x2a8 RTOS/src/list.o
 .debug_info    0x0000058f      0x24c RTOS/src/port.o
 .debug_info    0x000007db      0xe23 RTOS/src/queue.o
 .debug_info    0x000015fe     0x1696 RTOS/src/task.o
 .debug_info    0x00002c94      0x95f RTOS/src/timers.o
 .debug_info    0x000035f3      0x5ee StdPeriph_Driver/src/stm32f0xx_gpio.o
 .debug_info    0x00003be1      0x9b1 StdPeriph_Driver/src/stm32f0xx_rcc.o
 .debug_info    0x00004592     0x1c72 StdPeriph_Driver/src/stm32f0xx_tim.o
 .debug_info    0x00006204      0x1e6 src/Buffer.o
 .debug_info    0x000063ea      0x1e1 src/FSM.o
 .debug_info    0x000065cb      0x7db src/I2C_controller.o
 .debug_info    0x00006da6      0x894 src/UART.o
 .debug_info    0x0000763a      0x4cc src/main.o
 .debug_info    0x00007b06      0x766 src/solenoid_driver.o
 .debug_info    0x0000826c      0x7f7 src/status_leds.o
 .debug_info    0x00008a63      0x2d5 src/system_stm32f0xx.o
 .debug_info    0x00008d38       0x76 startup/startup_stm32f0xx.o

.debug_abbrev   0x00000000     0x19ae
 .debug_abbrev  0x00000000      0x155 RTOS/src/heap_2.o
 .debug_abbrev  0x00000155       0xc1 RTOS/src/list.o
 .debug_abbrev  0x00000216      0x187 RTOS/src/port.o
 .debug_abbrev  0x0000039d      0x1a6 RTOS/src/queue.o
 .debug_abbrev  0x00000543      0x247 RTOS/src/task.o
 .debug_abbrev  0x0000078a      0x1a3 RTOS/src/timers.o
 .debug_abbrev  0x0000092d      0x195 StdPeriph_Driver/src/stm32f0xx_gpio.o
 .debug_abbrev  0x00000ac2      0x1f3 StdPeriph_Driver/src/stm32f0xx_rcc.o
 .debug_abbrev  0x00000cb5      0x1bc StdPeriph_Driver/src/stm32f0xx_tim.o
 .debug_abbrev  0x00000e71      0x102 src/Buffer.o
 .debug_abbrev  0x00000f73       0xfe src/FSM.o
 .debug_abbrev  0x00001071      0x201 src/I2C_controller.o
 .debug_abbrev  0x00001272      0x20e src/UART.o
 .debug_abbrev  0x00001480      0x198 src/main.o
 .debug_abbrev  0x00001618      0x154 src/solenoid_driver.o
 .debug_abbrev  0x0000176c      0x116 src/status_leds.o
 .debug_abbrev  0x00001882      0x11a src/system_stm32f0xx.o
 .debug_abbrev  0x0000199c       0x12 startup/startup_stm32f0xx.o

.debug_aranges  0x00000000      0xbe0
 .debug_aranges
                0x00000000       0x40 RTOS/src/heap_2.o
 .debug_aranges
                0x00000040       0x40 RTOS/src/list.o
 .debug_aranges
                0x00000080       0x80 RTOS/src/port.o
 .debug_aranges
                0x00000100      0x118 RTOS/src/queue.o
 .debug_aranges
                0x00000218      0x1d8 RTOS/src/task.o
 .debug_aranges
                0x000003f0       0xb8 RTOS/src/timers.o
 .debug_aranges
                0x000004a8       0x80 StdPeriph_Driver/src/stm32f0xx_gpio.o
 .debug_aranges
                0x00000528      0x150 StdPeriph_Driver/src/stm32f0xx_rcc.o
 .debug_aranges
                0x00000678      0x300 StdPeriph_Driver/src/stm32f0xx_tim.o
 .debug_aranges
                0x00000978       0x40 src/Buffer.o
 .debug_aranges
                0x000009b8       0x28 src/FSM.o
 .debug_aranges
                0x000009e0       0x70 src/I2C_controller.o
 .debug_aranges
                0x00000a50       0x70 src/UART.o
 .debug_aranges
                0x00000ac0       0x58 src/main.o
 .debug_aranges
                0x00000b18       0x40 src/solenoid_driver.o
 .debug_aranges
                0x00000b58       0x30 src/status_leds.o
 .debug_aranges
                0x00000b88       0x30 src/system_stm32f0xx.o
 .debug_aranges
                0x00000bb8       0x28 startup/startup_stm32f0xx.o

.debug_ranges   0x00000000      0xac8
 .debug_ranges  0x00000000       0x30 RTOS/src/heap_2.o
 .debug_ranges  0x00000030       0x30 RTOS/src/list.o
 .debug_ranges  0x00000060       0x70 RTOS/src/port.o
 .debug_ranges  0x000000d0      0x108 RTOS/src/queue.o
 .debug_ranges  0x000001d8      0x1c8 RTOS/src/task.o
 .debug_ranges  0x000003a0       0xa8 RTOS/src/timers.o
 .debug_ranges  0x00000448       0x70 StdPeriph_Driver/src/stm32f0xx_gpio.o
 .debug_ranges  0x000004b8      0x140 StdPeriph_Driver/src/stm32f0xx_rcc.o
 .debug_ranges  0x000005f8      0x2f0 StdPeriph_Driver/src/stm32f0xx_tim.o
 .debug_ranges  0x000008e8       0x30 src/Buffer.o
 .debug_ranges  0x00000918       0x18 src/FSM.o
 .debug_ranges  0x00000930       0x60 src/I2C_controller.o
 .debug_ranges  0x00000990       0x60 src/UART.o
 .debug_ranges  0x000009f0       0x48 src/main.o
 .debug_ranges  0x00000a38       0x30 src/solenoid_driver.o
 .debug_ranges  0x00000a68       0x20 src/status_leds.o
 .debug_ranges  0x00000a88       0x20 src/system_stm32f0xx.o
 .debug_ranges  0x00000aa8       0x20 startup/startup_stm32f0xx.o

.debug_macro    0x00000000     0x3392
 .debug_macro   0x00000000      0x1aa RTOS/src/heap_2.o
 .debug_macro   0x000001aa      0x17c RTOS/src/list.o
 .debug_macro   0x00000326      0x11f RTOS/src/port.o
 .debug_macro   0x00000445      0x1f8 RTOS/src/queue.o
 .debug_macro   0x0000063d       0x16 RTOS/src/queue.o
 .debug_macro   0x00000653       0x35 RTOS/src/queue.o
 .debug_macro   0x00000688       0x94 RTOS/src/queue.o
 .debug_macro   0x0000071c      0x266 RTOS/src/task.o
 .debug_macro   0x00000982       0x11 RTOS/src/task.o
 .debug_macro   0x00000993      0x1b9 RTOS/src/timers.o
 .debug_macro   0x00000b4c      0x181 StdPeriph_Driver/src/stm32f0xx_gpio.o
 .debug_macro   0x00000ccd      0x17f StdPeriph_Driver/src/stm32f0xx_gpio.o
 .debug_macro   0x00000e4c      0x19f StdPeriph_Driver/src/stm32f0xx_rcc.o
 .debug_macro   0x00000feb      0x446 StdPeriph_Driver/src/stm32f0xx_rcc.o
 .debug_macro   0x00001431      0x19d StdPeriph_Driver/src/stm32f0xx_tim.o
 .debug_macro   0x000015ce      0x74a StdPeriph_Driver/src/stm32f0xx_tim.o
 .debug_macro   0x00001d18      0x26c src/Buffer.o
 .debug_macro   0x00001f84       0x10 src/Buffer.o
 .debug_macro   0x00001f94       0x10 src/Buffer.o
 .debug_macro   0x00001fa4      0x2d5 src/FSM.o
 .debug_macro   0x00002279       0x22 src/FSM.o
 .debug_macro   0x0000229b       0x52 src/FSM.o
 .debug_macro   0x000022ed       0x22 src/FSM.o
 .debug_macro   0x0000230f      0x137 src/FSM.o
 .debug_macro   0x00002446      0x2c3 src/I2C_controller.o
 .debug_macro   0x00002709       0x10 src/I2C_controller.o
 .debug_macro   0x00002719       0x78 src/I2C_controller.o
 .debug_macro   0x00002791      0x2d8 src/UART.o
 .debug_macro   0x00002a69       0x8c src/UART.o
 .debug_macro   0x00002af5      0x31c src/main.o
 .debug_macro   0x00002e11       0x64 src/main.o
 .debug_macro   0x00002e75       0x22 src/main.o
 .debug_macro   0x00002e97      0x1fd src/solenoid_driver.o
 .debug_macro   0x00003094      0x181 src/status_leds.o
 .debug_macro   0x00003215      0x17d src/system_stm32f0xx.o

.debug_line     0x00000000     0x8849
 .debug_line    0x00000000      0x4cf RTOS/src/heap_2.o
 .debug_line    0x000004cf      0x48e RTOS/src/list.o
 .debug_line    0x0000095d      0x4ae RTOS/src/port.o
 .debug_line    0x00000e0b      0xa6e RTOS/src/queue.o
 .debug_line    0x00001879      0xf07 RTOS/src/task.o
 .debug_line    0x00002780      0x6cc RTOS/src/timers.o
 .debug_line    0x00002e4c      0x707 StdPeriph_Driver/src/stm32f0xx_gpio.o
 .debug_line    0x00003553      0x936 StdPeriph_Driver/src/stm32f0xx_rcc.o
 .debug_line    0x00003e89      0xe6f StdPeriph_Driver/src/stm32f0xx_tim.o
 .debug_line    0x00004cf8      0x6cb src/Buffer.o
 .debug_line    0x000053c3      0x779 src/FSM.o
 .debug_line    0x00005b3c      0x847 src/I2C_controller.o
 .debug_line    0x00006383      0x870 src/UART.o
 .debug_line    0x00006bf3      0x88c src/main.o
 .debug_line    0x0000747f      0x714 src/solenoid_driver.o
 .debug_line    0x00007b93      0x61d src/status_leds.o
 .debug_line    0x000081b0      0x618 src/system_stm32f0xx.o
 .debug_line    0x000087c8       0x81 startup/startup_stm32f0xx.o

.debug_str      0x00000000    0x38ad9
 .debug_str     0x00000000     0x92ac RTOS/src/heap_2.o
                               0x94d0 (size before relaxing)
 .debug_str     0x000092ac      0x12a RTOS/src/list.o
                               0x8ca6 (size before relaxing)
 .debug_str     0x000093d6      0x391 RTOS/src/port.o
                               0x6d6c (size before relaxing)
 .debug_str     0x00009767      0xf85 RTOS/src/queue.o
                               0xa217 (size before relaxing)
 .debug_str     0x0000a6ec     0x1a4a RTOS/src/task.o
                               0xae04 (size before relaxing)
 .debug_str     0x0000c136      0x40c RTOS/src/timers.o
                               0xa698 (size before relaxing)
 .debug_str     0x0000c542    0x29eba StdPeriph_Driver/src/stm32f0xx_gpio.o
                              0x2d16a (size before relaxing)
 .debug_str     0x000363fc      0x619 StdPeriph_Driver/src/stm32f0xx_rcc.o
                              0x2d4c1 (size before relaxing)
 .debug_str     0x00036a15      0xc2d StdPeriph_Driver/src/stm32f0xx_tim.o
                              0x2db3d (size before relaxing)
 .debug_str     0x00037642       0xaa src/Buffer.o
                              0x2f98c (size before relaxing)
 .debug_str     0x000376ec      0x184 src/FSM.o
                              0x32e09 (size before relaxing)
 .debug_str     0x00037870      0xaf8 src/I2C_controller.o
                              0x34041 (size before relaxing)
 .debug_str     0x00038368      0x17d src/UART.o
                              0x331dd (size before relaxing)
 .debug_str     0x000384e5      0x3bd src/main.o
                              0x34153 (size before relaxing)
 .debug_str     0x000388a2       0xed src/solenoid_driver.o
                              0x3129c (size before relaxing)
 .debug_str     0x0003898f       0xcf src/status_leds.o
                              0x2d4d3 (size before relaxing)
 .debug_str     0x00038a5e       0x7b src/system_stm32f0xx.o
                              0x2cf5a (size before relaxing)

.comment        0x00000000       0x6e
 .comment       0x00000000       0x6e RTOS/src/heap_2.o
                                 0x6f (size before relaxing)
 .comment       0x0000006e       0x6f RTOS/src/list.o
 .comment       0x0000006e       0x6f RTOS/src/port.o
 .comment       0x0000006e       0x6f RTOS/src/queue.o
 .comment       0x0000006e       0x6f RTOS/src/task.o
 .comment       0x0000006e       0x6f RTOS/src/timers.o
 .comment       0x0000006e       0x6f StdPeriph_Driver/src/stm32f0xx_gpio.o
 .comment       0x0000006e       0x6f StdPeriph_Driver/src/stm32f0xx_rcc.o
 .comment       0x0000006e       0x6f StdPeriph_Driver/src/stm32f0xx_tim.o
 .comment       0x0000006e       0x6f src/Buffer.o
 .comment       0x0000006e       0x6f src/FSM.o
 .comment       0x0000006e       0x6f src/I2C_controller.o
 .comment       0x0000006e       0x6f src/UART.o
 .comment       0x0000006e       0x6f src/main.o
 .comment       0x0000006e       0x6f src/solenoid_driver.o
 .comment       0x0000006e       0x6f src/status_leds.o
 .comment       0x0000006e       0x6f src/system_stm32f0xx.o

.debug_frame    0x00000000     0x2aa4
 .debug_frame   0x00000000       0xa8 RTOS/src/heap_2.o
 .debug_frame   0x000000a8       0xb0 RTOS/src/list.o
 .debug_frame   0x00000158      0x158 RTOS/src/port.o
 .debug_frame   0x000002b0      0x410 RTOS/src/queue.o
 .debug_frame   0x000006c0      0x6fc RTOS/src/task.o
 .debug_frame   0x00000dbc      0x288 RTOS/src/timers.o
 .debug_frame   0x00001044      0x1b0 StdPeriph_Driver/src/stm32f0xx_gpio.o
 .debug_frame   0x000011f4      0x4e4 StdPeriph_Driver/src/stm32f0xx_rcc.o
 .debug_frame   0x000016d8      0xbb0 StdPeriph_Driver/src/stm32f0xx_tim.o
 .debug_frame   0x00002288       0xb0 src/Buffer.o
 .debug_frame   0x00002338       0x4c src/FSM.o
 .debug_frame   0x00002384      0x164 src/I2C_controller.o
 .debug_frame   0x000024e8      0x168 src/UART.o
 .debug_frame   0x00002650      0x104 src/main.o
 .debug_frame   0x00002754       0xac src/solenoid_driver.o
 .debug_frame   0x00002800       0x70 src/status_leds.o
 .debug_frame   0x00002870       0x6c src/system_stm32f0xx.o
 .debug_frame   0x000028dc       0x20 c:/ac6/systemworkbench/plugins/fr.ac6.mcu.externaltools.arm-none.win32_1.13.1.201701261202/tools/compiler/bin/../lib/gcc/arm-none-eabi/5.4.1/armv6-m\libgcc.a(_udivsi3.o)
 .debug_frame   0x000028fc       0x2c c:/ac6/systemworkbench/plugins/fr.ac6.mcu.externaltools.arm-none.win32_1.13.1.201701261202/tools/compiler/bin/../lib/gcc/arm-none-eabi/5.4.1/../../../../arm-none-eabi/lib/armv6-m\libc.a(lib_a-init.o)
 .debug_frame   0x00002928       0x2c c:/ac6/systemworkbench/plugins/fr.ac6.mcu.externaltools.arm-none.win32_1.13.1.201701261202/tools/compiler/bin/../lib/gcc/arm-none-eabi/5.4.1/../../../../arm-none-eabi/lib/armv6-m\libc.a(lib_a-memcpy-stub.o)
 .debug_frame   0x00002954       0x2c c:/ac6/systemworkbench/plugins/fr.ac6.mcu.externaltools.arm-none.win32_1.13.1.201701261202/tools/compiler/bin/../lib/gcc/arm-none-eabi/5.4.1/../../../../arm-none-eabi/lib/armv6-m\libc.a(lib_a-memset.o)
 .debug_frame   0x00002980       0x20 c:/ac6/systemworkbench/plugins/fr.ac6.mcu.externaltools.arm-none.win32_1.13.1.201701261202/tools/compiler/bin/../lib/gcc/arm-none-eabi/5.4.1/../../../../arm-none-eabi/lib/armv6-m\libc.a(lib_a-strcmp.o)
 .debug_frame   0x000029a0       0x20 c:/ac6/systemworkbench/plugins/fr.ac6.mcu.externaltools.arm-none.win32_1.13.1.201701261202/tools/compiler/bin/../lib/gcc/arm-none-eabi/5.4.1/../../../../arm-none-eabi/lib/armv6-m\libc.a(lib_a-strcpy.o)
 .debug_frame   0x000029c0       0x54 c:/ac6/systemworkbench/plugins/fr.ac6.mcu.externaltools.arm-none.win32_1.13.1.201701261202/tools/compiler/bin/../lib/gcc/arm-none-eabi/5.4.1/../../../../arm-none-eabi/lib/armv6-m\libc.a(lib_a-__call_atexit.o)
 .debug_frame   0x00002a14       0x28 c:/ac6/systemworkbench/plugins/fr.ac6.mcu.externaltools.arm-none.win32_1.13.1.201701261202/tools/compiler/bin/../lib/gcc/arm-none-eabi/5.4.1/../../../../arm-none-eabi/lib/armv6-m\libc.a(lib_a-atexit.o)
 .debug_frame   0x00002a3c       0x2c c:/ac6/systemworkbench/plugins/fr.ac6.mcu.externaltools.arm-none.win32_1.13.1.201701261202/tools/compiler/bin/../lib/gcc/arm-none-eabi/5.4.1/../../../../arm-none-eabi/lib/armv6-m\libc.a(lib_a-fini.o)
 .debug_frame   0x00002a68       0x3c c:/ac6/systemworkbench/plugins/fr.ac6.mcu.externaltools.arm-none.win32_1.13.1.201701261202/tools/compiler/bin/../lib/gcc/arm-none-eabi/5.4.1/../../../../arm-none-eabi/lib/armv6-m\libc.a(lib_a-__atexit.o)
