Archive member included to satisfy reference by file (symbol)

c:/ac6/systemworkbench/plugins/fr.ac6.mcu.externaltools.arm-none.win32_1.13.1.201701261202/tools/compiler/bin/../lib/gcc/arm-none-eabi/5.4.1/armv6-m\libgcc.a(_udivsi3.o)
                              RTOS/src/port.o (__aeabi_uidiv)
c:/ac6/systemworkbench/plugins/fr.ac6.mcu.externaltools.arm-none.win32_1.13.1.201701261202/tools/compiler/bin/../lib/gcc/arm-none-eabi/5.4.1/armv6-m\libgcc.a(_divsi3.o)
                              src/Buffer.o (__aeabi_idivmod)
c:/ac6/systemworkbench/plugins/fr.ac6.mcu.externaltools.arm-none.win32_1.13.1.201701261202/tools/compiler/bin/../lib/gcc/arm-none-eabi/5.4.1/armv6-m\libgcc.a(_dvmd_tls.o)
                              c:/ac6/systemworkbench/plugins/fr.ac6.mcu.externaltools.arm-none.win32_1.13.1.201701261202/tools/compiler/bin/../lib/gcc/arm-none-eabi/5.4.1/armv6-m\libgcc.a(_udivsi3.o) (__aeabi_idiv0)
c:/ac6/systemworkbench/plugins/fr.ac6.mcu.externaltools.arm-none.win32_1.13.1.201701261202/tools/compiler/bin/../lib/gcc/arm-none-eabi/5.4.1/armv6-m\libgcc.a(divdf3.o)
                              src/main.o (__aeabi_ddiv)
c:/ac6/systemworkbench/plugins/fr.ac6.mcu.externaltools.arm-none.win32_1.13.1.201701261202/tools/compiler/bin/../lib/gcc/arm-none-eabi/5.4.1/armv6-m\libgcc.a(fixdfsi.o)
                              src/main.o (__aeabi_d2iz)
c:/ac6/systemworkbench/plugins/fr.ac6.mcu.externaltools.arm-none.win32_1.13.1.201701261202/tools/compiler/bin/../lib/gcc/arm-none-eabi/5.4.1/armv6-m\libgcc.a(floatunsidf.o)
                              src/main.o (__aeabi_ui2d)
c:/ac6/systemworkbench/plugins/fr.ac6.mcu.externaltools.arm-none.win32_1.13.1.201701261202/tools/compiler/bin/../lib/gcc/arm-none-eabi/5.4.1/armv6-m\libgcc.a(_clzsi2.o)
                              c:/ac6/systemworkbench/plugins/fr.ac6.mcu.externaltools.arm-none.win32_1.13.1.201701261202/tools/compiler/bin/../lib/gcc/arm-none-eabi/5.4.1/armv6-m\libgcc.a(divdf3.o) (__clzsi2)
c:/ac6/systemworkbench/plugins/fr.ac6.mcu.externaltools.arm-none.win32_1.13.1.201701261202/tools/compiler/bin/../lib/gcc/arm-none-eabi/5.4.1/../../../../arm-none-eabi/lib/armv6-m\libc.a(lib_a-errno.o)
                              src/syscalls.o (__errno)
c:/ac6/systemworkbench/plugins/fr.ac6.mcu.externaltools.arm-none.win32_1.13.1.201701261202/tools/compiler/bin/../lib/gcc/arm-none-eabi/5.4.1/../../../../arm-none-eabi/lib/armv6-m\libc.a(lib_a-exit.o)
                              c:/ac6/systemworkbench/plugins/fr.ac6.mcu.externaltools.arm-none.win32_1.13.1.201701261202/tools/compiler/bin/../lib/gcc/arm-none-eabi/5.4.1/../../../../arm-none-eabi/lib/armv6-m/crt0.o (exit)
c:/ac6/systemworkbench/plugins/fr.ac6.mcu.externaltools.arm-none.win32_1.13.1.201701261202/tools/compiler/bin/../lib/gcc/arm-none-eabi/5.4.1/../../../../arm-none-eabi/lib/armv6-m\libc.a(lib_a-impure.o)
                              c:/ac6/systemworkbench/plugins/fr.ac6.mcu.externaltools.arm-none.win32_1.13.1.201701261202/tools/compiler/bin/../lib/gcc/arm-none-eabi/5.4.1/../../../../arm-none-eabi/lib/armv6-m\libc.a(lib_a-exit.o) (_global_impure_ptr)
c:/ac6/systemworkbench/plugins/fr.ac6.mcu.externaltools.arm-none.win32_1.13.1.201701261202/tools/compiler/bin/../lib/gcc/arm-none-eabi/5.4.1/../../../../arm-none-eabi/lib/armv6-m\libc.a(lib_a-init.o)
                              c:/ac6/systemworkbench/plugins/fr.ac6.mcu.externaltools.arm-none.win32_1.13.1.201701261202/tools/compiler/bin/../lib/gcc/arm-none-eabi/5.4.1/../../../../arm-none-eabi/lib/armv6-m/crt0.o (__libc_init_array)
c:/ac6/systemworkbench/plugins/fr.ac6.mcu.externaltools.arm-none.win32_1.13.1.201701261202/tools/compiler/bin/../lib/gcc/arm-none-eabi/5.4.1/../../../../arm-none-eabi/lib/armv6-m\libc.a(lib_a-memcpy-stub.o)
                              RTOS/src/queue.o (memcpy)
c:/ac6/systemworkbench/plugins/fr.ac6.mcu.externaltools.arm-none.win32_1.13.1.201701261202/tools/compiler/bin/../lib/gcc/arm-none-eabi/5.4.1/../../../../arm-none-eabi/lib/armv6-m\libc.a(lib_a-memset.o)
                              c:/ac6/systemworkbench/plugins/fr.ac6.mcu.externaltools.arm-none.win32_1.13.1.201701261202/tools/compiler/bin/../lib/gcc/arm-none-eabi/5.4.1/../../../../arm-none-eabi/lib/armv6-m/crt0.o (memset)
c:/ac6/systemworkbench/plugins/fr.ac6.mcu.externaltools.arm-none.win32_1.13.1.201701261202/tools/compiler/bin/../lib/gcc/arm-none-eabi/5.4.1/../../../../arm-none-eabi/lib/armv6-m\libc.a(lib_a-puts.o)
                              src/Buffer.o (puts)
c:/ac6/systemworkbench/plugins/fr.ac6.mcu.externaltools.arm-none.win32_1.13.1.201701261202/tools/compiler/bin/../lib/gcc/arm-none-eabi/5.4.1/../../../../arm-none-eabi/lib/armv6-m\libc.a(lib_a-strcpy.o)
                              src/Buffer.o (strcpy)
c:/ac6/systemworkbench/plugins/fr.ac6.mcu.externaltools.arm-none.win32_1.13.1.201701261202/tools/compiler/bin/../lib/gcc/arm-none-eabi/5.4.1/../../../../arm-none-eabi/lib/armv6-m\libc.a(lib_a-strlen-stub.o)
[...]
Memory Configuration

Name             Origin             Length             Attributes
FLASH            0x08000000         0x00010000         xr
RAM              0x20000000         0x00002000         xrw
*default*        0x00000000         0xffffffff

Linker script and memory map

LOAD c:/ac6/systemworkbench/plugins/fr.ac6.mcu.externaltools.arm-none.win32_1.13.1.201701261202/tools/compiler/bin/../lib/gcc/arm-none-eabi/5.4.1/armv6-m/crti.o
LOAD c:/ac6/systemworkbench/plugins/fr.ac6.mcu.externaltools.arm-none.win32_1.13.1.201701261202/tools/compiler/bin/../lib/gcc/arm-none-eabi/5.4.1/armv6-m/crtbegin.o
LOAD c:/ac6/systemworkbench/plugins/fr.ac6.mcu.externaltools.arm-none.win32_1.13.1.201701261202/tools/compiler/bin/../lib/gcc/arm-none-eabi/5.4.1/../../../../arm-none-eabi/lib/armv6-m/crt0.o
LOAD c:/ac6/systemworkbench/plugins/fr.ac6.mcu.externaltools.arm-none.win32_1.13.1.201701261202/tools/compiler/bin/../lib/gcc/arm-none-eabi/5.4.1/../../../../arm-none-eabi/lib/armv6-m\libm.a
LOAD RTOS/src/croutine.o
LOAD RTOS/src/event_groups.o
LOAD RTOS/src/heap_2.o
LOAD RTOS/src/list.o
LOAD RTOS/src/port.o
LOAD RTOS/src/queue.o
LOAD RTOS/src/task.o
LOAD RTOS/src/timers.o
LOAD StdPeriph_Driver/src/stm32f0xx_adc.o
LOAD StdPeriph_Driver/src/stm32f0xx_cec.o
LOAD StdPeriph_Driver/src/stm32f0xx_comp.o
LOAD StdPeriph_Driver/src/stm32f0xx_crc.o
LOAD StdPeriph_Driver/src/stm32f0xx_dac.o
LOAD StdPeriph_Driver/src/stm32f0xx_dbgmcu.o
LOAD StdPeriph_Driver/src/stm32f0xx_dma.o
LOAD StdPeriph_Driver/src/stm32f0xx_exti.o
LOAD StdPeriph_Driver/src/stm32f0xx_flash.o
LOAD StdPeriph_Driver/src/stm32f0xx_gpio.o
LOAD StdPeriph_Driver/src/stm32f0xx_i2c.o
LOAD StdPeriph_Driver/src/stm32f0xx_iwdg.o
LOAD StdPeriph_Driver/src/stm32f0xx_misc.o
LOAD StdPeriph_Driver/src/stm32f0xx_pwr.o
LOAD StdPeriph_Driver/src/stm32f0xx_rcc.o
LOAD StdPeriph_Driver/src/stm32f0xx_rtc.o
LOAD StdPeriph_Driver/src/stm32f0xx_spi.o
LOAD StdPeriph_Driver/src/stm32f0xx_syscfg.o
LOAD StdPeriph_Driver/src/stm32f0xx_tim.o
LOAD StdPeriph_Driver/src/stm32f0xx_usart.o
LOAD StdPeriph_Driver/src/stm32f0xx_wwdg.o
LOAD Utilities/stm32f0_discovery.o
LOAD src/ADC.o
LOAD src/Buffer.o
LOAD src/I2C_controller.o
LOAD src/UART_Receiver.o
LOAD src/main.o
LOAD src/status_leds.o
LOAD src/syscalls.o
LOAD src/system_stm32f0xx.o
LOAD startup/startup_stm32f0xx.o
START GROUP
LOAD c:/ac6/systemworkbench/plugins/fr.ac6.mcu.externaltools.arm-none.win32_1.13.1.201701261202/tools/compiler/bin/../lib/gcc/arm-none-eabi/5.4.1/armv6-m\libgcc.a
LOAD c:/ac6/systemworkbench/plugins/fr.ac6.mcu.externaltools.arm-none.win32_1.13.1.201701261202/tools/compiler/bin/../lib/gcc/arm-none-eabi/5.4.1/../../../../arm-none-eabi/lib/armv6-m\libc.a
END GROUP
LOAD c:/ac6/systemworkbench/plugins/fr.ac6.mcu.externaltools.arm-none.win32_1.13.1.201701261202/tools/compiler/bin/../lib/gcc/arm-none-eabi/5.4.1/armv6-m/crtend.o
LOAD c:/ac6/systemworkbench/plugins/fr.ac6.mcu.externaltools.arm-none.win32_1.13.1.201701261202/tools/compiler/bin/../lib/gcc/arm-none-eabi/5.4.1/armv6-m/crtn.o
                0x20002000                _estack = 0x20002000
                0x00000000                _Min_Heap_Size = 0x0
                0x00000080                _Min_Stack_Size = 0x80

.isr_vector     0x08000000       0xc4
                0x08000000                . = ALIGN (0x4)
 *(.isr_vector)
 .isr_vector    0x08000000       0xc4 startup/startup_stm32f0xx.o
                0x08000000                g_pfnVectors
                0x080000c4                . = ALIGN (0x4)

.text           0x080000d0     0x3b98
                0x080000d0                . = ALIGN (0x4)
 *(.text)
 .text          0x080000d0       0x60 c:/ac6/systemworkbench/plugins/fr.ac6.mcu.externaltools.arm-none.win32_1.13.1.201701261202/tools/compiler/bin/../lib/gcc/arm-none-eabi/5.4.1/armv6-m/crtbegin.o
 .text          0x08000130      0x114 c:/ac6/systemworkbench/plugins/fr.ac6.mcu.externaltools.arm-none.win32_1.13.1.201701261202/tools/compiler/bin/../lib/gcc/arm-none-eabi/5.4.1/armv6-m\libgcc.a(_udivsi3.o)
                0x08000130                __aeabi_uidiv
                0x08000130                __udivsi3
                0x0800023c                __aeabi_uidivmod
 .text          0x08000244        0x4 c:/ac6/systemworkbench/plugins/fr.ac6.mcu.externaltools.arm-none.win32_1.13.1.201701261202/tools/compiler/bin/../lib/gcc/arm-none-eabi/5.4.1/armv6-m\libgcc.a(_dvmd_tls.o)
                0x08000244                __aeabi_idiv0
                0x08000244                __aeabi_ldiv0
 .text          0x08000248      0x62c c:/ac6/systemworkbench/plugins/fr.ac6.mcu.externaltools.arm-none.win32_1.13.1.201701261202/tools/compiler/bin/../lib/gcc/arm-none-eabi/5.4.1/armv6-m\libgcc.a(divdf3.o)
                0x08000248                __aeabi_ddiv
 .text          0x08000874       0x6c c:/ac6/systemworkbench/plugins/fr.ac6.mcu.externaltools.arm-none.win32_1.13.1.201701261202/tools/compiler/bin/../lib/gcc/arm-none-eabi/5.4.1/armv6-m\libgcc.a(fixdfsi.o)
                0x08000874                __aeabi_d2iz
 .text          0x080008e0       0x70 c:/ac6/systemworkbench/plugins/fr.ac6.mcu.externaltools.arm-none.win32_1.13.1.201701261202/tools/compiler/bin/../lib/gcc/arm-none-eabi/5.4.1/armv6-m\libgcc.a(floatunsidf.o)
                0x080008e0                __aeabi_ui2d
 .text          0x08000950       0x3c c:/ac6/systemworkbench/plugins/fr.ac6.mcu.externaltools.arm-none.win32_1.13.1.201701261202/tools/compiler/bin/../lib/gcc/arm-none-eabi/5.4.1/armv6-m\libgcc.a(_clzsi2.o)
                0x08000950                __clzsi2
 *(.text*)
 .text.pvPortMalloc
                0x0800098c      0x11c RTOS/src/heap_2.o
                0x0800098c                pvPortMalloc
 .text.vPortFree
                0x08000aa8       0x74 RTOS/src/heap_2.o
                0x08000aa8                vPortFree
 .text.prvHeapInit
                0x08000b1c       0x50 RTOS/src/heap_2.o
 .text.vListInitialise
                0x08000b6c       0x3c RTOS/src/list.o
                0x08000b6c                vListInitialise
 .text.vListInitialiseItem
                0x08000ba8       0x18 RTOS/src/list.o
                0x08000ba8                vListInitialiseItem
 .text.vListInsertEnd
                0x08000bc0       0x44 RTOS/src/list.o
                0x08000bc0                vListInsertEnd
 .text.vListInsert
                0x08000c04       0x6c RTOS/src/list.o
                0x08000c04                vListInsert
 .text.uxListRemove
                0x08000c70       0x50 RTOS/src/list.o
                0x08000c70                uxListRemove
 .text.pxPortInitialiseStack
                0x08000cc0       0x54 RTOS/src/port.o
                0x08000cc0                pxPortInitialiseStack
 .text.prvTaskExitError
                0x08000d14       0x18 RTOS/src/port.o
 *fill*         0x08000d2c        0x4 
 .text.vPortStartFirstTask
                0x08000d30       0x38 RTOS/src/port.o
 .text.xPortStartScheduler
                0x08000d68       0x44 RTOS/src/port.o
                0x08000d68                xPortStartScheduler
 .text.vPortYield
                0x08000dac       0x20 RTOS/src/port.o
                0x08000dac                vPortYield
 .text.vPortEnterCritical
                0x08000dcc       0x24 RTOS/src/port.o
                0x08000dcc                vPortEnterCritical
 .text.vPortExitCritical
                0x08000df0       0x30 RTOS/src/port.o
                0x08000df0                vPortExitCritical
 .text.ulSetInterruptMaskFromISR
                0x08000e20        0xc RTOS/src/port.o
                0x08000e20                ulSetInterruptMaskFromISR
 .text.vClearInterruptMaskFromISR
                0x08000e2c        0x8 RTOS/src/port.o
                0x08000e2c                vClearInterruptMaskFromISR
 *fill*         0x08000e34        0xc 
 .text.PendSV_Handler
                0x08000e40       0x48 RTOS/src/port.o
                0x08000e40                PendSV_Handler
 .text.SysTick_Handler
                0x08000e88       0x34 RTOS/src/port.o
                0x08000e88                SysTick_Handler
 .text.prvSetupTimerInterrupt
                0x08000ebc       0x34 RTOS/src/port.o
 .text.xQueueGenericReset
                0x08000ef0       0xa8 RTOS/src/queue.o
                0x08000ef0                xQueueGenericReset
 .text.xQueueGenericCreate
                0x08000f98       0x64 RTOS/src/queue.o
                0x08000f98                xQueueGenericCreate
 .text.prvInitialiseNewQueue
                0x08000ffc       0x50 RTOS/src/queue.o
 .text.xQueueGenericSend
                0x0800104c      0x188 RTOS/src/queue.o
                0x0800104c                xQueueGenericSend
 .text.xQueueGenericSendFromISR
                0x080011d4       0xe4 RTOS/src/queue.o
                0x080011d4                xQueueGenericSendFromISR
 .text.xQueueGenericReceive
                0x080012b8      0x1c8 RTOS/src/queue.o
                0x080012b8                xQueueGenericReceive
 .text.prvCopyDataToQueue
                0x08001480       0xd8 RTOS/src/queue.o
 .text.prvCopyDataFromQueue
                0x08001558       0x4c RTOS/src/queue.o
 .text.prvUnlockQueue
                0x080015a4       0xc0 RTOS/src/queue.o
 .text.prvIsQueueEmpty
                0x08001664       0x2c RTOS/src/queue.o
 .text.prvIsQueueFull
                0x08001690       0x30 RTOS/src/queue.o
 .text.vQueueAddToRegistry
                0x080016c0       0x50 RTOS/src/queue.o
                0x080016c0                vQueueAddToRegistry
 .text.vQueueWaitForMessageRestricted
                0x08001710       0x68 RTOS/src/queue.o
                0x08001710                vQueueWaitForMessageRestricted
 .text.xTaskCreate
                0x08001778       0x90 RTOS/src/task.o
                0x08001778                xTaskCreate
 .text.prvInitialiseNewTask
                0x08001808      0x104 RTOS/src/task.o
 .text.prvAddNewTaskToReadyList
                0x0800190c       0xd0 RTOS/src/task.o
 .text.vTaskDelete
                0x080019dc       0xc8 RTOS/src/task.o
                0x080019dc                vTaskDelete
 .text.vTaskDelay
                0x08001aa4       0x4c RTOS/src/task.o
                0x08001aa4                vTaskDelay
 .text.vTaskStartScheduler
                0x08001af0       0x78 RTOS/src/task.o
                0x08001af0                vTaskStartScheduler
 .text.vTaskSuspendAll
                0x08001b68       0x18 RTOS/src/task.o
                0x08001b68                vTaskSuspendAll
 .text.xTaskResumeAll
                0x08001b80      0x118 RTOS/src/task.o
                0x08001b80                xTaskResumeAll
 .text.xTaskGetTickCount
                0x08001c98       0x1c RTOS/src/task.o
                0x08001c98                xTaskGetTickCount
 .text.xTaskIncrementTick
                0x08001cb4      0x168 RTOS/src/task.o
                0x08001cb4                xTaskIncrementTick
 .text.vTaskSwitchContext
                0x08001e1c       0xa4 RTOS/src/task.o
                0x08001e1c                vTaskSwitchContext
 .text.vTaskPlaceOnEventList
                0x08001ec0       0x3c RTOS/src/task.o
                0x08001ec0                vTaskPlaceOnEventList
 .text.vTaskPlaceOnEventListRestricted
                0x08001efc       0x4c RTOS/src/task.o
                0x08001efc                vTaskPlaceOnEventListRestricted
 .text.xTaskRemoveFromEventList
                0x08001f48       0xb8 RTOS/src/task.o
                0x08001f48                xTaskRemoveFromEventList
 .text.vTaskSetTimeOutState
                0x08002000       0x34 RTOS/src/task.o
                0x08002000                vTaskSetTimeOutState
 .text.xTaskCheckForTimeOut
                0x08002034       0x9c RTOS/src/task.o
                0x08002034                xTaskCheckForTimeOut
 .text.vTaskMissedYield
                0x080020d0       0x14 RTOS/src/task.o
                0x080020d0                vTaskMissedYield
 .text.prvIdleTask
                0x080020e4       0x20 RTOS/src/task.o
 .text.prvInitialiseTaskLists
                0x08002104       0x88 RTOS/src/task.o
 .text.prvCheckTasksWaitingTermination
                0x0800218c       0x74 RTOS/src/task.o
 .text.prvDeleteTCB
                0x08002200       0x24 RTOS/src/task.o
 .text.prvResetNextTaskUnblockTime
                0x08002224       0x48 RTOS/src/task.o
 .text.xTaskGetSchedulerState
                0x0800226c       0x38 RTOS/src/task.o
                0x0800226c                xTaskGetSchedulerState
 .text.vTaskPriorityInherit
                0x080022a4       0xbc RTOS/src/task.o
                0x080022a4                vTaskPriorityInherit
 .text.xTaskPriorityDisinherit
                0x08002360       0xb8 RTOS/src/task.o
                0x08002360                xTaskPriorityDisinherit
 .text.pvTaskIncrementMutexHeldCount
                0x08002418       0x24 RTOS/src/task.o
                0x08002418                pvTaskIncrementMutexHeldCount
 .text.xTaskGenericNotify
                0x0800243c      0x118 RTOS/src/task.o
                0x0800243c                xTaskGenericNotify
 .text.xTaskGenericNotifyFromISR
                0x08002554      0x154 RTOS/src/task.o
                0x08002554                xTaskGenericNotifyFromISR
 .text.vTaskNotifyGiveFromISR
                0x080026a8       0xf4 RTOS/src/task.o
                0x080026a8                vTaskNotifyGiveFromISR
 .text.prvAddCurrentTaskToDelayedList
                0x0800279c       0xa8 RTOS/src/task.o
 .text.xTimerCreateTimerTask
                0x08002844       0x54 RTOS/src/timers.o
                0x08002844                xTimerCreateTimerTask
 .text.xTimerGenericCommand
                0x08002898       0x9c RTOS/src/timers.o
                0x08002898                xTimerGenericCommand
 .text.prvProcessExpiredTimer
                0x08002934       0x70 RTOS/src/timers.o
 .text.prvTimerTask
                0x080029a4       0x28 RTOS/src/timers.o
 .text.prvProcessTimerOrBlockTask
                0x080029cc       0x8c RTOS/src/timers.o
 .text.prvGetNextExpireTime
                0x08002a58       0x40 RTOS/src/timers.o
 .text.prvSampleTimeNow
                0x08002a98       0x40 RTOS/src/timers.o
 .text.prvInsertTimerInActiveList
                0x08002ad8       0x84 RTOS/src/timers.o
 .text.prvProcessReceivedCommands
                0x08002b5c      0x100 RTOS/src/timers.o
 .text.prvSwitchTimerLists
                0x08002c5c       0xb4 RTOS/src/timers.o
 .text.prvCheckForValidListAndQueue
                0x08002d10       0x74 RTOS/src/timers.o
 .text.ADC_DeInit
                0x08002d84       0x34 StdPeriph_Driver/src/stm32f0xx_adc.o
                0x08002d84                ADC_DeInit
 .text.ADC_Init
                0x08002db8       0x58 StdPeriph_Driver/src/stm32f0xx_adc.o
                0x08002db8                ADC_Init
 .text.ADC_StructInit
                0x08002e10       0x34 StdPeriph_Driver/src/stm32f0xx_adc.o
                0x08002e10                ADC_StructInit
 .text.ADC_Cmd  0x08002e44       0x38 StdPeriph_Driver/src/stm32f0xx_adc.o
                0x08002e44                ADC_Cmd
 .text.ADC_ChannelConfig
                0x08002e7c       0x3c StdPeriph_Driver/src/stm32f0xx_adc.o
                0x08002e7c                ADC_ChannelConfig
 .text.ADC_StartOfConversion
                0x08002eb8       0x1c StdPeriph_Driver/src/stm32f0xx_adc.o
                0x08002eb8                ADC_StartOfConversion
 .text.ADC_GetFlagStatus
                0x08002ed4       0x60 StdPeriph_Driver/src/stm32f0xx_adc.o
                0x08002ed4                ADC_GetFlagStatus
 .text.GPIO_Init
                0x08002f34      0x128 StdPeriph_Driver/src/stm32f0xx_gpio.o
                0x08002f34                GPIO_Init
 .text.GPIO_WriteBit
                0x0800305c       0x3c StdPeriph_Driver/src/stm32f0xx_gpio.o
                0x0800305c                GPIO_WriteBit
 .text.RCC_APB2PeriphClockCmd
                0x08003098       0x40 StdPeriph_Driver/src/stm32f0xx_rcc.o
                0x08003098                RCC_APB2PeriphClockCmd
 .text.RCC_APB2PeriphResetCmd
                0x080030d8       0x40 StdPeriph_Driver/src/stm32f0xx_rcc.o
                0x080030d8                RCC_APB2PeriphResetCmd
 .text.myADC_Init
                0x08003118       0x88 src/ADC.o
                0x08003118                myADC_Init
 .text.NVIC_EnableIRQ
                0x080031a0       0x2c src/I2C_controller.o
 .text.NVIC_SetPriority
                0x080031cc       0xdc src/I2C_controller.o
 .text.Configure_GPIO_I2C2
                0x080032a8       0x58 src/I2C_controller.o
                0x080032a8                Configure_GPIO_I2C2
 .text.Configure_I2C2_Master
                0x08003300       0x54 src/I2C_controller.o
                0x08003300                Configure_I2C2_Master
 .text.I2C1_IRQHandler
                0x08003354       0x84 src/I2C_controller.o
                0x08003354                I2C1_IRQHandler
 .text.NVIC_DisableIRQ
                0x080033d8       0x30 src/UART_Receiver.o
 .text.more_chars_to_push_out
                0x08003408       0x1c src/UART_Receiver.o
 .text.next_char_to_push_out
                0x08003424       0x34 src/UART_Receiver.o
 .text.reset_ouput_buffer
                0x08003458       0x20 src/UART_Receiver.o
 .text.ResetCommBuffer
                0x08003478       0x38 src/UART_Receiver.o
 .text.AppendToCommBuffer
                0x080034b0       0x34 src/UART_Receiver.o
 .text.new_char_recv
                0x080034e4       0x4c src/UART_Receiver.o
 .text.USART1_IRQHandler
                0x08003530       0x70 src/UART_Receiver.o
                0x08003530                USART1_IRQHandler
 .text.CreateSemaphores
                0x080035a0       0x38 src/main.o
                0x080035a0                CreateSemaphores
 .text.main     0x080035d8       0x20 src/main.o
                0x080035d8                main
 .text.bootUpSeq
                0x080035f8       0x20 src/main.o
                0x080035f8                bootUpSeq
 .text.blinkyTask
                0x08003618       0x2c src/main.o
                0x08003618                blinkyTask
 .text.doADC    0x08003644       0x40 src/main.o
                0x08003644                doADC
 .text.vBootTaskInit
                0x08003684       0x28 src/main.o
                0x08003684                vBootTaskInit
 .text.vGeneralTaskInit
                0x080036ac       0x28 src/main.o
                0x080036ac                vGeneralTaskInit
 .text.vdoADCTask
                0x080036d4       0x28 src/main.o
                0x080036d4                vdoADCTask
 .text.blink_led_C8_C9_init
                0x080036fc       0x98 src/status_leds.o
                0x080036fc                blink_led_C8_C9_init
 .text.SystemInit
                0x08003794       0x8c src/system_stm32f0xx.o
                0x08003794                SystemInit
 .text.SetSysClock
                0x08003820       0x94 src/system_stm32f0xx.o
 .text.Reset_Handler
                0x080038b4       0x50 startup/startup_stm32f0xx.o
                0x080038b4                Reset_Handler
 .text.Default_Handler
                0x08003904        0x2 startup/startup_stm32f0xx.o
                0x08003904                TIM1_CC_IRQHandler
                0x08003904                HardFault_Handler
                0x08003904                ADC1_COMP_IRQHandler
                0x08003904                PVD_IRQHandler
                0x08003904                NMI_Handler
                0x08003904                SPI1_IRQHandler
                0x08003904                TIM6_DAC_IRQHandler
                0x08003904                EXTI2_3_IRQHandler
                0x08003904                I2C2_IRQHandler
                0x08003904                TIM17_IRQHandler
                0x08003904                RTC_IRQHandler
                0x08003904                TIM16_IRQHandler
                0x08003904                TIM3_IRQHandler
                0x08003904                EXTI4_15_IRQHandler
                0x08003904                RCC_IRQHandler
                0x08003904                DMA1_Channel1_IRQHandler
                0x08003904                Default_Handler
                0x08003904                CEC_IRQHandler
                0x08003904                TIM14_IRQHandler
                0x08003904                DMA1_Channel4_5_IRQHandler
                0x08003904                TIM15_IRQHandler
                0x08003904                EXTI0_1_IRQHandler
                0x08003904                SPI2_IRQHandler
                0x08003904                SVC_Handler
                0x08003904                TS_IRQHandler
                0x08003904                WWDG_IRQHandler
                0x08003904                TIM2_IRQHandler
                0x08003904                DMA1_Channel2_3_IRQHandler
                0x08003904                USART2_IRQHandler
                0x08003904                FLASH_IRQHandler
                0x08003904                TIM1_BRK_UP_TRG_COM_IRQHandler
 *fill*         0x08003906        0x2 
 .text.__libc_init_array
                0x08003908       0x48 c:/ac6/systemworkbench/plugins/fr.ac6.mcu.externaltools.arm-none.win32_1.13.1.201701261202/tools/compiler/bin/../lib/gcc/arm-none-eabi/5.4.1/../../../../arm-none-eabi/lib/armv6-m\libc.a(lib_a-init.o)
                0x08003908                __libc_init_array
 .text.memcpy   0x08003950       0x7c c:/ac6/systemworkbench/plugins/fr.ac6.mcu.externaltools.arm-none.win32_1.13.1.201701261202/tools/compiler/bin/../lib/gcc/arm-none-eabi/5.4.1/../../../../arm-none-eabi/lib/armv6-m\libc.a(lib_a-memcpy-stub.o)
                0x08003950                memcpy
 .text.memset   0x080039cc       0x8c c:/ac6/systemworkbench/plugins/fr.ac6.mcu.externaltools.arm-none.win32_1.13.1.201701261202/tools/compiler/bin/../lib/gcc/arm-none-eabi/5.4.1/../../../../arm-none-eabi/lib/armv6-m\libc.a(lib_a-memset.o)
                0x080039cc                memset
 .text.startup.register_fini
                0x08003a58       0x18 c:/ac6/systemworkbench/plugins/fr.ac6.mcu.externaltools.arm-none.win32_1.13.1.201701261202/tools/compiler/bin/../lib/gcc/arm-none-eabi/5.4.1/../../../../arm-none-eabi/lib/armv6-m\libc.a(lib_a-__call_atexit.o)
 .text.atexit   0x08003a70       0x10 c:/ac6/systemworkbench/plugins/fr.ac6.mcu.externaltools.arm-none.win32_1.13.1.201701261202/tools/compiler/bin/../lib/gcc/arm-none-eabi/5.4.1/../../../../arm-none-eabi/lib/armv6-m\libc.a(lib_a-atexit.o)
                0x08003a70                atexit
 .text.__libc_fini_array
                0x08003a80       0x34 c:/ac6/systemworkbench/plugins/fr.ac6.mcu.externaltools.arm-none.win32_1.13.1.201701261202/tools/compiler/bin/../lib/gcc/arm-none-eabi/5.4.1/../../../../arm-none-eabi/lib/armv6-m\libc.a(lib_a-fini.o)
                0x08003a80                __libc_fini_array
 .text.__register_exitproc
                0x08003ab4       0xd4 c:/ac6/systemworkbench/plugins/fr.ac6.mcu.externaltools.arm-none.win32_1.13.1.201701261202/tools/compiler/bin/../lib/gcc/arm-none-eabi/5.4.1/../../../../arm-none-eabi/lib/armv6-m\libc.a(lib_a-__atexit.o)
                0x08003ab4                __register_exitproc
 *(.rodata)
 .rodata        0x08003b88       0x30 RTOS/src/task.o
 .rodata        0x08003bb8       0x35 RTOS/src/timers.o
 *fill*         0x08003bed        0x3 
 .rodata        0x08003bf0       0x1a src/main.o
 *fill*         0x08003c0a        0x2 
 .rodata        0x08003c0c       0x40 c:/ac6/systemworkbench/plugins/fr.ac6.mcu.externaltools.arm-none.win32_1.13.1.201701261202/tools/compiler/bin/../lib/gcc/arm-none-eabi/5.4.1/armv6-m\libgcc.a(divdf3.o)
 *(.rodata*)
 .rodata._global_impure_ptr
                0x08003c4c        0x4 c:/ac6/systemworkbench/plugins/fr.ac6.mcu.externaltools.arm-none.win32_1.13.1.201701261202/tools/compiler/bin/../lib/gcc/arm-none-eabi/5.4.1/../../../../arm-none-eabi/lib/armv6-m\libc.a(lib_a-impure.o)
                0x08003c4c                _global_impure_ptr
 *(.glue_7)
 .glue_7        0x08003c50        0x0 linker stubs
 *(.glue_7t)
 .glue_7t       0x08003c50        0x0 linker stubs
 *(.eh_frame)
 .eh_frame      0x08003c50        0x0 c:/ac6/systemworkbench/plugins/fr.ac6.mcu.externaltools.arm-none.win32_1.13.1.201701261202/tools/compiler/bin/../lib/gcc/arm-none-eabi/5.4.1/armv6-m/crtbegin.o
 *(.init)
 .init          0x08003c50        0x4 c:/ac6/systemworkbench/plugins/fr.ac6.mcu.externaltools.arm-none.win32_1.13.1.201701261202/tools/compiler/bin/../lib/gcc/arm-none-eabi/5.4.1/armv6-m/crti.o
                0x08003c50                _init
 .init          0x08003c54        0x8 c:/ac6/systemworkbench/plugins/fr.ac6.mcu.externaltools.arm-none.win32_1.13.1.201701261202/tools/compiler/bin/../lib/gcc/arm-none-eabi/5.4.1/armv6-m/crtn.o
 *(.fini)
 .fini          0x08003c5c        0x4 c:/ac6/systemworkbench/plugins/fr.ac6.mcu.externaltools.arm-none.win32_1.13.1.201701261202/tools/compiler/bin/../lib/gcc/arm-none-eabi/5.4.1/armv6-m/crti.o
                0x08003c5c                _fini
 .fini          0x08003c60        0x8 c:/ac6/systemworkbench/plugins/fr.ac6.mcu.externaltools.arm-none.win32_1.13.1.201701261202/tools/compiler/bin/../lib/gcc/arm-none-eabi/5.4.1/armv6-m/crtn.o
                0x08003c68                . = ALIGN (0x4)
                0x08003c68                _etext = .

.vfp11_veneer   0x08003c68        0x0
 .vfp11_veneer  0x08003c68        0x0 linker stubs

.v4_bx          0x08003c68        0x0
 .v4_bx         0x08003c68        0x0 linker stubs

.iplt           0x08003c68        0x0
 .iplt          0x08003c68        0x0 c:/ac6/systemworkbench/plugins/fr.ac6.mcu.externaltools.arm-none.win32_1.13.1.201701261202/tools/compiler/bin/../lib/gcc/arm-none-eabi/5.4.1/armv6-m/crtbegin.o

.rel.dyn        0x08003c68        0x0
 .rel.iplt      0x08003c68        0x0 c:/ac6/systemworkbench/plugins/fr.ac6.mcu.externaltools.arm-none.win32_1.13.1.201701261202/tools/compiler/bin/../lib/gcc/arm-none-eabi/5.4.1/armv6-m/crtbegin.o

.ARM.extab
 *(.ARM.extab* .gnu.linkonce.armextab.*)

.ARM            0x08003c68        0x0
                0x08003c68                __exidx_start = .
 *(.ARM.exidx*)
                0x08003c68                __exidx_end = .

.preinit_array  0x08003c68        0x0
                0x08003c68                PROVIDE (__preinit_array_start, .)
 *(.preinit_array*)
                0x08003c68                PROVIDE (__preinit_array_end, .)

.init_array     0x08003c68        0x8
                0x08003c68                PROVIDE (__init_array_start, .)
 *(SORT(.init_array.*))
 .init_array.00000
                0x08003c68        0x4 c:/ac6/systemworkbench/plugins/fr.ac6.mcu.externaltools.arm-none.win32_1.13.1.201701261202/tools/compiler/bin/../lib/gcc/arm-none-eabi/5.4.1/../../../../arm-none-eabi/lib/armv6-m\libc.a(lib_a-__call_atexit.o)
 *(.init_array*)
 .init_array    0x08003c6c        0x4 c:/ac6/systemworkbench/plugins/fr.ac6.mcu.externaltools.arm-none.win32_1.13.1.201701261202/tools/compiler/bin/../lib/gcc/arm-none-eabi/5.4.1/armv6-m/crtbegin.o
                0x08003c70                PROVIDE (__init_array_end, .)

.fini_array     0x08003c70        0x4
                0x08003c70                PROVIDE (__fini_array_start, .)
 *(SORT(.fini_array.*))
 *(.fini_array*)
 .fini_array    0x08003c70        0x4 c:/ac6/systemworkbench/plugins/fr.ac6.mcu.externaltools.arm-none.win32_1.13.1.201701261202/tools/compiler/bin/../lib/gcc/arm-none-eabi/5.4.1/armv6-m/crtbegin.o
                0x08003c74                PROVIDE (__fini_array_end, .)
                0x08003c74                _sidata = LOADADDR (.data)

.data           0x20000000      0x448 load address 0x08003c74
                0x20000000                . = ALIGN (0x4)
                0x20000000                _sdata = .
 *(.data)
 .data          0x20000000        0x4 RTOS/src/heap_2.o
 .data          0x20000004        0x4 RTOS/src/port.o
 .data          0x20000008       0x14 src/system_stm32f0xx.o
                0x20000008                SystemCoreClock
                0x2000000c                AHBPrescTable
 *(.data*)
 *fill*         0x2000001c        0x4 
 .data.impure_data
                0x20000020      0x428 c:/ac6/systemworkbench/plugins/fr.ac6.mcu.externaltools.arm-none.win32_1.13.1.201701261202/tools/compiler/bin/../lib/gcc/arm-none-eabi/5.4.1/../../../../arm-none-eabi/lib/armv6-m\libc.a(lib_a-impure.o)
                0x20000448                . = ALIGN (0x4)
                0x20000448                _edata = .

.jcr            0x20000448        0x0 load address 0x080040bc
 .jcr           0x20000448        0x0 c:/ac6/systemworkbench/plugins/fr.ac6.mcu.externaltools.arm-none.win32_1.13.1.201701261202/tools/compiler/bin/../lib/gcc/arm-none-eabi/5.4.1/armv6-m/crtbegin.o

.igot.plt       0x20000448        0x0 load address 0x080040bc
 .igot.plt      0x20000448        0x0 c:/ac6/systemworkbench/plugins/fr.ac6.mcu.externaltools.arm-none.win32_1.13.1.201701261202/tools/compiler/bin/../lib/gcc/arm-none-eabi/5.4.1/armv6-m/crtbegin.o
                0x20000448                . = ALIGN (0x4)

.bss            0x20000448     0x1248 load address 0x080040bc
                0x20000448                _sbss = .
                0x20000448                __bss_start__ = _sbss
 *(.bss)
 .bss           0x20000448       0x1c c:/ac6/systemworkbench/plugins/fr.ac6.mcu.externaltools.arm-none.win32_1.13.1.201701261202/tools/compiler/bin/../lib/gcc/arm-none-eabi/5.4.1/armv6-m/crtbegin.o
 .bss           0x20000464     0x107c RTOS/src/heap_2.o
 .bss           0x200014e0      0x104 RTOS/src/task.o
                0x200014e0                pxCurrentTCB
 .bss           0x200015e4       0x3c RTOS/src/timers.o
 .bss           0x20001620        0x4 src/I2C_controller.o
                0x20001620                xTaskToNotify
 .bss           0x20001624       0x1c src/UART_Receiver.o
                0x20001624                string_to_send_idx
                0x20001628                stringtosend
                0x20001634                chars_recv
                0x2000163c                curr_data_recv_idx
 .bss           0x20001640        0x4 src/main.o
 *(.bss*)
 *(COMMON)
 COMMON         0x20001644       0x40 RTOS/src/queue.o
                0x20001644                xQueueRegistry
 COMMON         0x20001684        0x8 src/I2C_controller.o
                0x20001684                data_update_callback
                0x20001688                data_to_send_update
 COMMON         0x2000168c        0x1 src/UART_Receiver.o
                0x2000168c                transfer_in_progress
                0x20001690                . = ALIGN (0x4)
 *fill*         0x2000168d        0x3 
                0x20001690                _ebss = .
                0x20001690                __bss_end__ = _ebss

._user_heap_stack
                0x20001690       0x80 load address 0x080040bc
                0x20001690                . = ALIGN (0x8)
                0x20001690                PROVIDE (end, .)
                [!provide]                PROVIDE (_end, .)
                0x20001690                . = (. + _Min_Heap_Size)
                0x20001710                . = (. + _Min_Stack_Size)
 *fill*         0x20001690       0x80 
                0x20001710                . = ALIGN (0x8)

.ARM.attributes
                0x00000000       0x28
 *(.ARM.attributes)
 .ARM.attributes
                0x00000000       0x1e c:/ac6/systemworkbench/plugins/fr.ac6.mcu.externaltools.arm-none.win32_1.13.1.201701261202/tools/compiler/bin/../lib/gcc/arm-none-eabi/5.4.1/armv6-m/crti.o
 .ARM.attributes
                0x0000001e       0x2c c:/ac6/systemworkbench/plugins/fr.ac6.mcu.externaltools.arm-none.win32_1.13.1.201701261202/tools/compiler/bin/../lib/gcc/arm-none-eabi/5.4.1/armv6-m/crtbegin.o
 .ARM.attributes
                0x0000004a       0x31 RTOS/src/heap_2.o
 .ARM.attributes
                0x0000007b       0x31 RTOS/src/list.o
 .ARM.attributes
                0x000000ac       0x31 RTOS/src/port.o
 .ARM.attributes
                0x000000dd       0x31 RTOS/src/queue.o
 .ARM.attributes
                0x0000010e       0x31 RTOS/src/task.o
 .ARM.attributes
                0x0000013f       0x31 RTOS/src/timers.o
 .ARM.attributes
                0x00000170       0x31 StdPeriph_Driver/src/stm32f0xx_adc.o
 .ARM.attributes
                0x000001a1       0x31 StdPeriph_Driver/src/stm32f0xx_gpio.o
 .ARM.attributes
                0x000001d2       0x31 StdPeriph_Driver/src/stm32f0xx_rcc.o
 .ARM.attributes
                0x00000203       0x31 src/ADC.o
 .ARM.attributes
                0x00000234       0x31 src/I2C_controller.o
 .ARM.attributes
                0x00000265       0x31 src/UART_Receiver.o
 .ARM.attributes
                0x00000296       0x31 src/main.o
 .ARM.attributes
                0x000002c7       0x31 src/status_leds.o
 .ARM.attributes
                0x000002f8       0x31 src/system_stm32f0xx.o
 .ARM.attributes
                0x00000329       0x21 startup/startup_stm32f0xx.o
 .ARM.attributes
                0x0000034a       0x1e c:/ac6/systemworkbench/plugins/fr.ac6.mcu.externaltools.arm-none.win32_1.13.1.201701261202/tools/compiler/bin/../lib/gcc/arm-none-eabi/5.4.1/armv6-m\libgcc.a(_udivsi3.o)
 .ARM.attributes
                0x00000368       0x1e c:/ac6/systemworkbench/plugins/fr.ac6.mcu.externaltools.arm-none.win32_1.13.1.201701261202/tools/compiler/bin/../lib/gcc/arm-none-eabi/5.4.1/armv6-m\libgcc.a(_dvmd_tls.o)
 .ARM.attributes
                0x00000386       0x2c c:/ac6/systemworkbench/plugins/fr.ac6.mcu.externaltools.arm-none.win32_1.13.1.201701261202/tools/compiler/bin/../lib/gcc/arm-none-eabi/5.4.1/armv6-m\libgcc.a(divdf3.o)
 .ARM.attributes
                0x000003b2       0x2c c:/ac6/systemworkbench/plugins/fr.ac6.mcu.externaltools.arm-none.win32_1.13.1.201701261202/tools/compiler/bin/../lib/gcc/arm-none-eabi/5.4.1/armv6-m\libgcc.a(fixdfsi.o)
 .ARM.attributes
                0x000003de       0x2c c:/ac6/systemworkbench/plugins/fr.ac6.mcu.externaltools.arm-none.win32_1.13.1.201701261202/tools/compiler/bin/../lib/gcc/arm-none-eabi/5.4.1/armv6-m\libgcc.a(floatunsidf.o)
 .ARM.attributes
                0x0000040a       0x1e c:/ac6/systemworkbench/plugins/fr.ac6.mcu.externaltools.arm-none.win32_1.13.1.201701261202/tools/compiler/bin/../lib/gcc/arm-none-eabi/5.4.1/armv6-m\libgcc.a(_clzsi2.o)
 .ARM.attributes
                0x00000428       0x2c c:/ac6/systemworkbench/plugins/fr.ac6.mcu.externaltools.arm-none.win32_1.13.1.201701261202/tools/compiler/bin/../lib/gcc/arm-none-eabi/5.4.1/../../../../arm-none-eabi/lib/armv6-m\libc.a(lib_a-impure.o)
 .ARM.attributes
                0x00000454       0x2c c:/ac6/systemworkbench/plugins/fr.ac6.mcu.externaltools.arm-none.win32_1.13.1.201701261202/tools/compiler/bin/../lib/gcc/arm-none-eabi/5.4.1/../../../../arm-none-eabi/lib/armv6-m\libc.a(lib_a-init.o)
 .ARM.attributes
                0x00000480       0x2c c:/ac6/systemworkbench/plugins/fr.ac6.mcu.externaltools.arm-none.win32_1.13.1.201701261202/tools/compiler/bin/../lib/gcc/arm-none-eabi/5.4.1/../../../../arm-none-eabi/lib/armv6-m\libc.a(lib_a-memcpy-stub.o)
 .ARM.attributes
                0x000004ac       0x2c c:/ac6/systemworkbench/plugins/fr.ac6.mcu.externaltools.arm-none.win32_1.13.1.201701261202/tools/compiler/bin/../lib/gcc/arm-none-eabi/5.4.1/../../../../arm-none-eabi/lib/armv6-m\libc.a(lib_a-memset.o)
 .ARM.attributes
                0x000004d8       0x2c c:/ac6/systemworkbench/plugins/fr.ac6.mcu.externaltools.arm-none.win32_1.13.1.201701261202/tools/compiler/bin/../lib/gcc/arm-none-eabi/5.4.1/../../../../arm-none-eabi/lib/armv6-m\libc.a(lib_a-__call_atexit.o)
 .ARM.attributes
                0x00000504       0x2c c:/ac6/systemworkbench/plugins/fr.ac6.mcu.externaltools.arm-none.win32_1.13.1.201701261202/tools/compiler/bin/../lib/gcc/arm-none-eabi/5.4.1/../../../../arm-none-eabi/lib/armv6-m\libc.a(lib_a-atexit.o)
 .ARM.attributes
                0x00000530       0x2c c:/ac6/systemworkbench/plugins/fr.ac6.mcu.externaltools.arm-none.win32_1.13.1.201701261202/tools/compiler/bin/../lib/gcc/arm-none-eabi/5.4.1/../../../../arm-none-eabi/lib/armv6-m\libc.a(lib_a-fini.o)
 .ARM.attributes
                0x0000055c       0x2c c:/ac6/systemworkbench/plugins/fr.ac6.mcu.externaltools.arm-none.win32_1.13.1.201701261202/tools/compiler/bin/../lib/gcc/arm-none-eabi/5.4.1/../../../../arm-none-eabi/lib/armv6-m\libc.a(lib_a-__atexit.o)
 .ARM.attributes
                0x00000588       0x1e c:/ac6/systemworkbench/plugins/fr.ac6.mcu.externaltools.arm-none.win32_1.13.1.201701261202/tools/compiler/bin/../lib/gcc/arm-none-eabi/5.4.1/armv6-m/crtn.o
OUTPUT(Weight_Dropper_1.0_temp.elf elf32-littlearm)

.debug_info     0x00000000     0x6f39
 .debug_info    0x00000000      0x2e7 RTOS/src/heap_2.o
 .debug_info    0x000002e7      0x2a8 RTOS/src/list.o
 .debug_info    0x0000058f      0x24c RTOS/src/port.o
 .debug_info    0x000007db      0xe23 RTOS/src/queue.o
 .debug_info    0x000015fe     0x1696 RTOS/src/task.o
 .debug_info    0x00002c94      0x95f RTOS/src/timers.o
 .debug_info    0x000035f3      0x88f StdPeriph_Driver/src/stm32f0xx_adc.o
 .debug_info    0x00003e82      0x5ee StdPeriph_Driver/src/stm32f0xx_gpio.o
 .debug_info    0x00004470      0x9b1 StdPeriph_Driver/src/stm32f0xx_rcc.o
 .debug_info    0x00004e21      0x1ef src/ADC.o
 .debug_info    0x00005010      0x7db src/I2C_controller.o
 .debug_info    0x000057eb      0x811 src/UART_Receiver.o
 .debug_info    0x00005ffc      0x3f6 src/main.o
 .debug_info    0x000063f2      0x7f7 src/status_leds.o
 .debug_info    0x00006be9      0x2d5 src/system_stm32f0xx.o
 .debug_info    0x00006ebe       0x7b startup/startup_stm32f0xx.o

.debug_abbrev   0x00000000     0x16ce
 .debug_abbrev  0x00000000      0x155 RTOS/src/heap_2.o
 .debug_abbrev  0x00000155       0xc1 RTOS/src/list.o
 .debug_abbrev  0x00000216      0x187 RTOS/src/port.o
 .debug_abbrev  0x0000039d      0x1a6 RTOS/src/queue.o
 .debug_abbrev  0x00000543      0x247 RTOS/src/task.o
 .debug_abbrev  0x0000078a      0x1a3 RTOS/src/timers.o
 .debug_abbrev  0x0000092d      0x182 StdPeriph_Driver/src/stm32f0xx_adc.o
 .debug_abbrev  0x00000aaf      0x195 StdPeriph_Driver/src/stm32f0xx_gpio.o
 .debug_abbrev  0x00000c44      0x1f3 StdPeriph_Driver/src/stm32f0xx_rcc.o
 .debug_abbrev  0x00000e37       0xbd src/ADC.o
 .debug_abbrev  0x00000ef4      0x201 src/I2C_controller.o
 .debug_abbrev  0x000010f5      0x224 src/UART_Receiver.o
 .debug_abbrev  0x00001319      0x173 src/main.o
 .debug_abbrev  0x0000148c      0x116 src/status_leds.o
 .debug_abbrev  0x000015a2      0x11a src/system_stm32f0xx.o
 .debug_abbrev  0x000016bc       0x12 startup/startup_stm32f0xx.o

.debug_aranges  0x00000000      0x978
 .debug_aranges
                0x00000000       0x40 RTOS/src/heap_2.o
 .debug_aranges
                0x00000040       0x40 RTOS/src/list.o
 .debug_aranges
                0x00000080       0x80 RTOS/src/port.o
 .debug_aranges
                0x00000100      0x118 RTOS/src/queue.o
 .debug_aranges
                0x00000218      0x1d8 RTOS/src/task.o
 .debug_aranges
                0x000003f0       0xb8 RTOS/src/timers.o
 .debug_aranges
                0x000004a8      0x100 StdPeriph_Driver/src/stm32f0xx_adc.o
 .debug_aranges
                0x000005a8       0x80 StdPeriph_Driver/src/stm32f0xx_gpio.o
 .debug_aranges
                0x00000628      0x150 StdPeriph_Driver/src/stm32f0xx_rcc.o
 .debug_aranges
                0x00000778       0x20 src/ADC.o
 .debug_aranges
                0x00000798       0x70 src/I2C_controller.o
 .debug_aranges
                0x00000808       0x88 src/UART_Receiver.o
 .debug_aranges
                0x00000890       0x60 src/main.o
 .debug_aranges
                0x000008f0       0x30 src/status_leds.o
 .debug_aranges
                0x00000920       0x30 src/system_stm32f0xx.o
 .debug_aranges
                0x00000950       0x28 startup/startup_stm32f0xx.o

.debug_ranges   0x00000000      0x880
 .debug_ranges  0x00000000       0x30 RTOS/src/heap_2.o
 .debug_ranges  0x00000030       0x30 RTOS/src/list.o
 .debug_ranges  0x00000060       0x70 RTOS/src/port.o
 .debug_ranges  0x000000d0      0x108 RTOS/src/queue.o
 .debug_ranges  0x000001d8      0x1c8 RTOS/src/task.o
 .debug_ranges  0x000003a0       0xa8 RTOS/src/timers.o
 .debug_ranges  0x00000448       0xf0 StdPeriph_Driver/src/stm32f0xx_adc.o
 .debug_ranges  0x00000538       0x70 StdPeriph_Driver/src/stm32f0xx_gpio.o
 .debug_ranges  0x000005a8      0x140 StdPeriph_Driver/src/stm32f0xx_rcc.o
 .debug_ranges  0x000006e8       0x10 src/ADC.o
 .debug_ranges  0x000006f8       0x60 src/I2C_controller.o
 .debug_ranges  0x00000758       0x78 src/UART_Receiver.o
 .debug_ranges  0x000007d0       0x50 src/main.o
 .debug_ranges  0x00000820       0x20 src/status_leds.o
 .debug_ranges  0x00000840       0x20 src/system_stm32f0xx.o
 .debug_ranges  0x00000860       0x20 startup/startup_stm32f0xx.o

.debug_macro    0x00000000     0x84b9
 .debug_macro   0x00000000      0x1aa RTOS/src/heap_2.o
 .debug_macro   0x000001aa      0x17c RTOS/src/list.o
 .debug_macro   0x00000326      0x11f RTOS/src/port.o
 .debug_macro   0x00000445      0x1f8 RTOS/src/queue.o
 .debug_macro   0x0000063d       0x16 RTOS/src/queue.o
 .debug_macro   0x00000653       0x35 RTOS/src/queue.o
 .debug_macro   0x00000688       0x94 RTOS/src/queue.o
 .debug_macro   0x0000071c      0x266 RTOS/src/task.o
 .debug_macro   0x00000982       0x11 RTOS/src/task.o
 .debug_macro   0x00000993      0x1b9 RTOS/src/timers.o
 .debug_macro   0x00000b4c      0x18d StdPeriph_Driver/src/stm32f0xx_adc.o
 .debug_macro   0x00000cd9       0x7b StdPeriph_Driver/src/stm32f0xx_adc.o
 .debug_macro   0x00000d54       0x34 StdPeriph_Driver/src/stm32f0xx_adc.o
 .debug_macro   0x00000d88      0x249 StdPeriph_Driver/src/stm32f0xx_adc.o
 .debug_macro   0x00000fd1     0x3334 StdPeriph_Driver/src/stm32f0xx_adc.o
 .debug_macro   0x00004305      0x18b StdPeriph_Driver/src/stm32f0xx_adc.o
 .debug_macro   0x00004490       0x28 StdPeriph_Driver/src/stm32f0xx_adc.o
 .debug_macro   0x000044b8       0xe7 StdPeriph_Driver/src/stm32f0xx_adc.o
 .debug_macro   0x0000459f       0x93 StdPeriph_Driver/src/stm32f0xx_adc.o
 .debug_macro   0x00004632       0x70 StdPeriph_Driver/src/stm32f0xx_adc.o
 .debug_macro   0x000046a2      0x225 StdPeriph_Driver/src/stm32f0xx_adc.o
 .debug_macro   0x000048c7       0xb8 StdPeriph_Driver/src/stm32f0xx_adc.o
 .debug_macro   0x0000497f      0x16f StdPeriph_Driver/src/stm32f0xx_adc.o
 .debug_macro   0x00004aee      0x185 StdPeriph_Driver/src/stm32f0xx_adc.o
 .debug_macro   0x00004c73      0x123 StdPeriph_Driver/src/stm32f0xx_adc.o
 .debug_macro   0x00004d96      0x2a0 StdPeriph_Driver/src/stm32f0xx_adc.o
 .debug_macro   0x00005036       0x70 StdPeriph_Driver/src/stm32f0xx_adc.o
 .debug_macro   0x000050a6       0xb2 StdPeriph_Driver/src/stm32f0xx_adc.o
 .debug_macro   0x00005158      0x44c StdPeriph_Driver/src/stm32f0xx_adc.o
 .debug_macro   0x000055a4      0x46a StdPeriph_Driver/src/stm32f0xx_adc.o
 .debug_macro   0x00005a0e      0x396 StdPeriph_Driver/src/stm32f0xx_adc.o
 .debug_macro   0x00005da4      0x750 StdPeriph_Driver/src/stm32f0xx_adc.o
 .debug_macro   0x000064f4      0x34d StdPeriph_Driver/src/stm32f0xx_adc.o
 .debug_macro   0x00006841       0x34 StdPeriph_Driver/src/stm32f0xx_adc.o
 .debug_macro   0x00006875       0x3a StdPeriph_Driver/src/stm32f0xx_adc.o
 .debug_macro   0x000068af      0x2ce StdPeriph_Driver/src/stm32f0xx_adc.o
 .debug_macro   0x00006b7d      0x181 StdPeriph_Driver/src/stm32f0xx_gpio.o
 .debug_macro   0x00006cfe      0x17f StdPeriph_Driver/src/stm32f0xx_gpio.o
 .debug_macro   0x00006e7d      0x19f StdPeriph_Driver/src/stm32f0xx_rcc.o
 .debug_macro   0x0000701c      0x446 StdPeriph_Driver/src/stm32f0xx_rcc.o
 .debug_macro   0x00007462      0x18f src/ADC.o
 .debug_macro   0x000075f1       0x1c src/ADC.o
 .debug_macro   0x0000760d       0x22 src/ADC.o
 .debug_macro   0x0000762f      0x2c3 src/I2C_controller.o
 .debug_macro   0x000078f2       0x52 src/I2C_controller.o
 .debug_macro   0x00007944       0x10 src/I2C_controller.o
 .debug_macro   0x00007954       0x10 src/I2C_controller.o
 .debug_macro   0x00007964      0x137 src/I2C_controller.o
 .debug_macro   0x00007a9b       0x78 src/I2C_controller.o
 .debug_macro   0x00007b13      0x254 src/UART_Receiver.o
 .debug_macro   0x00007d67      0x3ce src/main.o
 .debug_macro   0x00008135       0x64 src/main.o
 .debug_macro   0x00008199       0x22 src/main.o
 .debug_macro   0x000081bb      0x181 src/status_leds.o
 .debug_macro   0x0000833c      0x17d src/system_stm32f0xx.o

.debug_line     0x00000000     0x733e
 .debug_line    0x00000000      0x4d4 RTOS/src/heap_2.o
 .debug_line    0x000004d4      0x493 RTOS/src/list.o
 .debug_line    0x00000967      0x4b3 RTOS/src/port.o
 .debug_line    0x00000e1a      0xa73 RTOS/src/queue.o
 .debug_line    0x0000188d      0xf0c RTOS/src/task.o
 .debug_line    0x00002799      0x6d1 RTOS/src/timers.o
 .debug_line    0x00002e6a      0x850 StdPeriph_Driver/src/stm32f0xx_adc.o
 .debug_line    0x000036ba      0x71b StdPeriph_Driver/src/stm32f0xx_gpio.o
 .debug_line    0x00003dd5      0x94a StdPeriph_Driver/src/stm32f0xx_rcc.o
 .debug_line    0x0000471f      0x5f0 src/ADC.o
 .debug_line    0x00004d0f      0x860 src/I2C_controller.o
 .debug_line    0x0000556f      0x7df src/UART_Receiver.o
 .debug_line    0x00005d4e      0x912 src/main.o
 .debug_line    0x00006660      0x631 src/status_leds.o
 .debug_line    0x00006c91      0x62c src/system_stm32f0xx.o
 .debug_line    0x000072bd       0x81 startup/startup_stm32f0xx.o

.debug_str      0x00000000    0x39432
 .debug_str     0x00000000     0x92b1 RTOS/src/heap_2.o
                               0x94d5 (size before relaxing)
 .debug_str     0x000092b1      0x12a RTOS/src/list.o
                               0x8cab (size before relaxing)
 .debug_str     0x000093db      0x391 RTOS/src/port.o
                               0x6d71 (size before relaxing)
 .debug_str     0x0000976c      0xf85 RTOS/src/queue.o
                               0xa21c (size before relaxing)
 .debug_str     0x0000a6f1     0x1a4a RTOS/src/task.o
                               0xae09 (size before relaxing)
 .debug_str     0x0000c13b      0x40c RTOS/src/timers.o
                               0xa69d (size before relaxing)
 .debug_str     0x0000c547    0x2a04c StdPeriph_Driver/src/stm32f0xx_adc.o
                              0x2d2d9 (size before relaxing)
 .debug_str     0x00036593      0x2b6 StdPeriph_Driver/src/stm32f0xx_gpio.o
                              0x2d16f (size before relaxing)
 .debug_str     0x00036849      0x5f3 StdPeriph_Driver/src/stm32f0xx_rcc.o
                              0x2d4c6 (size before relaxing)
 .debug_str     0x00036e3c      0x14e src/ADC.o
                              0x2d060 (size before relaxing)
 .debug_str     0x00036f8a      0xb19 src/I2C_controller.o
                              0x34046 (size before relaxing)
 .debug_str     0x00037aa3      0x220 src/UART_Receiver.o
                              0x2fd2b (size before relaxing)
 .debug_str     0x00037cc3     0x1460 src/main.o
                              0x35216 (size before relaxing)
 .debug_str     0x00039123      0x294 src/status_leds.o
                              0x2d4d8 (size before relaxing)
 .debug_str     0x000393b7       0x7b src/system_stm32f0xx.o
                              0x2cf5f (size before relaxing)

.comment        0x00000000       0x6e
 .comment       0x00000000       0x6e RTOS/src/heap_2.o
                                 0x6f (size before relaxing)
 .comment       0x0000006e       0x6f RTOS/src/list.o
 .comment       0x0000006e       0x6f RTOS/src/port.o
 .comment       0x0000006e       0x6f RTOS/src/queue.o
 .comment       0x0000006e       0x6f RTOS/src/task.o
 .comment       0x0000006e       0x6f RTOS/src/timers.o
 .comment       0x0000006e       0x6f StdPeriph_Driver/src/stm32f0xx_adc.o
 .comment       0x0000006e       0x6f StdPeriph_Driver/src/stm32f0xx_gpio.o
 .comment       0x0000006e       0x6f StdPeriph_Driver/src/stm32f0xx_rcc.o
 .comment       0x0000006e       0x6f src/ADC.o
 .comment       0x0000006e       0x6f src/I2C_controller.o
 .comment       0x0000006e       0x6f src/UART_Receiver.o
 .comment       0x0000006e       0x6f src/main.o
 .comment       0x0000006e       0x6f src/status_leds.o
 .comment       0x0000006e       0x6f src/system_stm32f0xx.o

.debug_frame    0x00000000     0x21f8
 .debug_frame   0x00000000       0xa8 RTOS/src/heap_2.o
 .debug_frame   0x000000a8       0xb0 RTOS/src/list.o
 .debug_frame   0x00000158      0x158 RTOS/src/port.o
 .debug_frame   0x000002b0      0x410 RTOS/src/queue.o
 .debug_frame   0x000006c0      0x6fc RTOS/src/task.o
 .debug_frame   0x00000dbc      0x288 RTOS/src/timers.o
 .debug_frame   0x00001044      0x3b0 StdPeriph_Driver/src/stm32f0xx_adc.o
 .debug_frame   0x000013f4      0x1b0 StdPeriph_Driver/src/stm32f0xx_gpio.o
 .debug_frame   0x000015a4      0x4e4 StdPeriph_Driver/src/stm32f0xx_rcc.o
 .debug_frame   0x00001a88       0x30 src/ADC.o
 .debug_frame   0x00001ab8      0x164 src/I2C_controller.o
 .debug_frame   0x00001c1c      0x1c0 src/UART_Receiver.o
 .debug_frame   0x00001ddc      0x124 src/main.o
 .debug_frame   0x00001f00       0x70 src/status_leds.o
 .debug_frame   0x00001f70       0x6c src/system_stm32f0xx.o
 .debug_frame   0x00001fdc       0x20 c:/ac6/systemworkbench/plugins/fr.ac6.mcu.externaltools.arm-none.win32_1.13.1.201701261202/tools/compiler/bin/../lib/gcc/arm-none-eabi/5.4.1/armv6-m\libgcc.a(_udivsi3.o)
 .debug_frame   0x00001ffc       0x3c c:/ac6/systemworkbench/plugins/fr.ac6.mcu.externaltools.arm-none.win32_1.13.1.201701261202/tools/compiler/bin/../lib/gcc/arm-none-eabi/5.4.1/armv6-m\libgcc.a(divdf3.o)
 .debug_frame   0x00002038       0x2c c:/ac6/systemworkbench/plugins/fr.ac6.mcu.externaltools.arm-none.win32_1.13.1.201701261202/tools/compiler/bin/../lib/gcc/arm-none-eabi/5.4.1/armv6-m\libgcc.a(fixdfsi.o)
 .debug_frame   0x00002064       0x2c c:/ac6/systemworkbench/plugins/fr.ac6.mcu.externaltools.arm-none.win32_1.13.1.201701261202/tools/compiler/bin/../lib/gcc/arm-none-eabi/5.4.1/armv6-m\libgcc.a(floatunsidf.o)
 .debug_frame   0x00002090       0x2c c:/ac6/systemworkbench/plugins/fr.ac6.mcu.externaltools.arm-none.win32_1.13.1.201701261202/tools/compiler/bin/../lib/gcc/arm-none-eabi/5.4.1/../../../../arm-none-eabi/lib/armv6-m\libc.a(lib_a-init.o)
 .debug_frame   0x000020bc       0x2c c:/ac6/systemworkbench/plugins/fr.ac6.mcu.externaltools.arm-none.win32_1.13.1.201701261202/tools/compiler/bin/../lib/gcc/arm-none-eabi/5.4.1/../../../../arm-none-eabi/lib/armv6-m\libc.a(lib_a-memcpy-stub.o)
 .debug_frame   0x000020e8       0x2c c:/ac6/systemworkbench/plugins/fr.ac6.mcu.externaltools.arm-none.win32_1.13.1.201701261202/tools/compiler/bin/../lib/gcc/arm-none-eabi/5.4.1/../../../../arm-none-eabi/lib/armv6-m\libc.a(lib_a-memset.o)
 .debug_frame   0x00002114       0x54 c:/ac6/systemworkbench/plugins/fr.ac6.mcu.externaltools.arm-none.win32_1.13.1.201701261202/tools/compiler/bin/../lib/gcc/arm-none-eabi/5.4.1/../../../../arm-none-eabi/lib/armv6-m\libc.a(lib_a-__call_atexit.o)
 .debug_frame   0x00002168       0x28 c:/ac6/systemworkbench/plugins/fr.ac6.mcu.externaltools.arm-none.win32_1.13.1.201701261202/tools/compiler/bin/../lib/gcc/arm-none-eabi/5.4.1/../../../../arm-none-eabi/lib/armv6-m\libc.a(lib_a-atexit.o)
 .debug_frame   0x00002190       0x2c c:/ac6/systemworkbench/plugins/fr.ac6.mcu.externaltools.arm-none.win32_1.13.1.201701261202/tools/compiler/bin/../lib/gcc/arm-none-eabi/5.4.1/../../../../arm-none-eabi/lib/armv6-m\libc.a(lib_a-fini.o)
 .debug_frame   0x000021bc       0x3c c:/ac6/systemworkbench/plugins/fr.ac6.mcu.externaltools.arm-none.win32_1.13.1.201701261202/tools/compiler/bin/../lib/gcc/arm-none-eabi/5.4.1/../../../../arm-none-eabi/lib/armv6-m\libc.a(lib_a-__atexit.o)
